5 13:03:19
[0;32mI (678) app_init: ELF file SHA256:  d287c5c41...[0m
Iï¿½ESP-ROM:esp32s3-20210327
Build:Mar 27 2021
rst:0x1 (POWERON),boot:0x28 (SPI_FAST_FLASH_BOOT)
SPIWP:0xee
mode:DIO, clock div:1
load:0x3fce2810,len:0x15a0
load:0x403c8700,len:0x4
load:0x403c8704,len:0xd20
load:0x403cb700,len:0x2f00
entry 0x403c8928
[0;32mI (27) boot: ESP-IDF v5.4.1-dirty 2nd stage bootloader[0m
[0;32mI (27) boot: compile time Sep 11 2025 13:03:22[0m
[0;32mI (27) boot: Multicore bootloader[0m
[0;32mI (28) boot: chip revision: v0.2[0m
[0;32mI (30) boot: efuse block revision: v1.3[0m
[0;32mI (34) boot.esp32s3: Boot SPI Speed : 80MHz[0m
[0;32mI (38) boot.esp32s3: SPI Mode       : DIO[0m
[0;32mI (42) boot.esp32s3: SPI Flash Size : 8MB[0m
[0;32mI (45) boot: Enabling RNG early entropy source...[0m
[0;32mI (50) boot: Partition Table:[0m
[0;32mI (52) boot: ## Label            Usage          Type ST Offset   Length[0m
[0;32mI (59) boot:  0 nvs              WiFi data        01 02 00009000 00006000[0m
[0;32mI (65) boot:  1 phy_init         RF data          01 01 0000f000 00001000[0m
[0;32mI (72) boot:  2 factory          factory app      00 00 00010000 00100000[0m
[0;32mI (78) boot: End of partition table[0m
[0;32mI (82) esp_image: segment 0: paddr=00010020 vaddr=3c030020 size=0feb0h ( 65200) map[0m
[0;32mI (101) esp_image: segment 1: paddr=0001fed8 vaddr=3fc95300 size=00140h (   320) load[0m
[0;32mI (101) esp_image: segment 2: paddr=00020020 vaddr=42000020 size=2ef80h (192384) map[0m
[0;32mI (138) esp_image: segment 3: paddr=0004efa8 vaddr=3fc95440 size=05448h ( 21576) load[0m
[0;32mI (143) esp_image: segment 4: paddr=000543f8 vaddr=40374000 size=1125ch ( 70236) load[0m
[0;32mI (159) esp_image: segment 5: paddr=0006565c vaddr=600fe100 size=0001ch (    28) load[0m
[0;32mI (166) boot: Loaded app from partition at offset 0x10000[0m
[0;32mI (166) boot: Disabling RNG early entropy source...[0m
[0;32mI (176) octal_psram: vendor id    : 0x0d (AP)[0m
[0;32mI (177) octal_psram: dev id       : 0x02 (generation 3)[0m
[0;32mI (177) octal_psram: density      : 0x03 (64 Mbit)[0m
[0;32mI (179) octal_psram: good-die     : 0x01 (Pass)[0m
[0;32mI (183) octal_psram: Latency      : 0x01 (Fixed)[0m
[0;32mI (187) octal_psram: VCC          : 0x01 (3V)[0m
[0;32mI (191) octal_psram: SRF          : 0x01 (Fast Refresh)[0m
[0;32mI (196) octal_psram: BurstType    : 0x01 (Hybrid Wrap)[0m
[0;32mI (201) octal_psram: BurstLen     : 0x01 (32 Byte)[0m
[0;32mI (206) octal_psram: Readlatency  : 0x02 (10 cycles@Fixed)[0m
[0;32mI (211) octal_psram: DriveStrength: 0x00 (1/1)[0m
[0;32mI (216) MSPI Timing: PSRAM timing tuning index: 4[0m
[0;32mI (220) esp_psram: Found 8MB PSRAM device[0m
[0;32mI (223) esp_psram: Speed: 80MHz[0m
[0;32mI (226) cpu_start: Multicore app[0m
[0;32mI (655) esp_psram: SPI SRAM memory test OK[0m
[0;32mI (664) cpu_start: Pro cpu start user code[0m
[0;32mI (664) cpu_start: cpu freq: 160000000 Hz[0m
[0;32mI (664) app_init: Application information:[0m
[0;32mI (664) app_init: Project name:     line_detection[0m
[0;32mI (669) app_init: App version:      411acI (673) app_init: Compile time:     Sep 11 2025 13:03:19[0m
[0;32mI (678) app_init: ELF file SHA256:  d287c5c41...[0m
[0;32mI (682) app_init: ESP-IDF:          v5.4.1-dirty[0m
[0;32mI (687) efuse_init: Min chip rev:     v0.0[0m
[0;32mI (691) efuse_init: Max chip rev:     v0.99 [0m
[0;32mI (695) efuse_init: Chip rev:         v0.2[0m
[0;32mI (699) heap_init: Initializing. RAM available for dynamic allocation:[0m
[0;32mI (705) heap_init: At 3FC9BA88 len 0004DC88 (311 KiB): RAM[0m
[0;32mI (710) heap_init: At 3FCE9710 len 00005724 (21 KiB): RAM[0m
[0;32mI (715) heap_init: At 3FCF0000 len 00008000 (32 KiB): DRAM[0m
[0;32mI (720) heap_init: At 600FE11C len 00001ECC (7 KiB): RTCRAM[0m
[0;32mI (726) esp_psram: Adding pool of 8192K of PSRAM memory to heap allocator[0m
[0;32mI (733) spi_flash: detected chip: gd[0m
[0;32mI (735) spi_flash: flash io: dio[0m
[0;32mI (738) sleep_gpio: Configure to isolate all GPIO pins in sleep state[0m
[0;32mI (745) sleep_gpio: Enable automatic switching of GPIO sleep configuration[0m
[0;32mI (752) main_task: Started on CPU0[0m
[0;32mI (782) esp_psram: Reserving pool of 32K of internal memory for DMA/internal allocations[0m
[0;32mI (782) main_task: Calling app_main()[0m
[0;32mI (782) s3 ll_cam: DMA Channel=0[0m
[0;32mI (782) cam_hal: cam init ok[0m
[0;32mI (792) sccb-ng: pin_sda 4 pin_scl 5[0m
[0;32mI (792) sccb-ng: sccb_i2c_port=1[0m
[0;32mI (802) ov3660: Mismatch PID=0x9090[0m
[0;32mI (802) ov5640: Mismatch PID=0x9090[0m
[0;32mI (802) camera: Camera PID=0x2145 VER=0x00 MIDL=0x00 MIDH=0x00[0m
[0;32mI (802) camera: Detected GC2145 camera[0m
[0;32mI (812) camera: Detected camera at address=0x3c[0m
[0;32mI (1222) cam_hal: PSRAM DMA mode disabled[0m
[0;32mI (1222) s3 ll_cam: node_size: 3840, nodes_per_line: 1, lines_per_node: 12[0m
[0;32mI (1222) s3 ll_cam: dma_half_buffer_min:  3840, dma_half_buffer:  7680, lines_per_half_buffer: 24, dma_buffer_size: 30720[0m
[0;32mI (1232) cam_hal: buffer_size: 30720, half_buffer_size: 7680, node_buffer_size: 3840, node_cnt: 8, total_cnt: 5[0m
[0;32mI (1242) cam_hal: Allocating 19200 Byte frame buffer in PSRAM[0m
[0;32mI (1242) cam_hal: cam config ok[0m
[0;32mI (1242) gc2145: subsample win:480x360, ratio:0.333333[0m
[0;33mW (1262) gc2145: unsupport format[0m
[0;33mW (1262) gc2145: Unsupported[0m
[0;33mW (1262) gc2145: Unsupported[0m
[0;33mW (1262) gc2145: Unsupported[0m
[0;33mW (1262) gc2145: Unsupported[0m
[0;33mW (1262) gc2145: Unsupported[0m
[1;31mE (1262) uart: uart_driver_install(1723): uart rx buffer length error[0m
ESP_ERROR_CHECK failed: esp_err_t 0xffffffff (ESP_FAIL) at 0x4200d0e5
file: "./main/line_detection.c" line 388
func: uart1_init
expression: uart_driver_install(UART_PORT, 0, 0, 0, NULL, 0)

abort() was called at PC 0x4037c647 on core 0


Backtrace: 0x40375de9:0x3fc9e1a0 0x4037c651:0x3fc9e1c0 0x40383109:0x3fc9e1e0 0x4037c647:0x3fc9e250 0x4200d0e5:0x3fc9e280 0x4200d168:0x3fc9e2c0 0x4202e22f:0x3fc9e2f0 0x4037d0bd:0x3fc9e320




ELF file SHA256: d287c5c41

Rebooting...
ï¿½ï¿½ï¿½ESP-ROM:esp32s3-20210327
Build:Mar 27 2021
rst:0xc (RTC_SW_CPU_RST),boot:0x28 (SPI_FAST_FLASH_BOOT)
Saved PC:0x40375d29
SPIWP:0xee
mode:DIO, clock div:1
load:0x3fce2810,len:0x15a0
load:0x403c8700,len:0x4
load:0x403c8704,len:0xd20
load:0x403cb700,len:0x2f00
entry 0x403c8928
[0;32mI (31) boot: ESP-IDF v5.4.1-dirty 2nd stage bootloader[0m
[0;32mI (31) boot: compile time Sep 11 2025 13:03:22[0m
[0;32mI (31) boot: Multicore bootloader[0m
[0;32mI (32) boot: chip revision: v0.2[0m
[0;32mI (35) boot: efuse block revision: v1.3[0m
[0;32mI (38) boot.esp32s3: Boot SPI Speed : 80MHz[0m
[0;32mI (42) boot.esp32s3: SPI Mode       : DIO[0m
[0;32mI (46) boot.esp32s3: SPI Flash Size : 8MB[0m
[0;32mI (50) boot: Enabling RNG early entropy source...[0m
[0;32mI (54) boot: Partition Table:[0m
[0;32mI (57) boot: ## Label            Usage          Type ST Offset   Length[0m
[0;32mI (63) boot:  0 nvs              WiFi data        01 02 00009000 00006000[0m
[0;32mI (70) boot:  1 phy_init         RF data          01 01 0000f000 00001000[0m
[0;32mI (76) boot:  2 factory          factory app      00 00 00010000 00100000[0m
[0;32mI (83) boot: End of partition table[0m
[0;32mI (86) esp_image: segment 0: paddr=00010020 vaddr=3c030020 size=0feb0h ( 65200) map[0m
[0;32mI (105) esp_image: segment 1: paddr=0001fed8 vaddr=3fc95300 size=00140h (   320) load[0m
[0;32mI (105) esp_image: segment 2: paddr=00020020 vaddr=42000020 size=2ef80h (192384) map[0m
[0;32mI (143) esp_image: segment 3: paddr=0004efa8 vaddr=3fc95440 size=05448h ( 21576) load[0m
[0;32mI (147) esp_image: segment 4: paddr=000543f8 vaddr=40374000 size=1125ch ( 70236) load[0m
[0;32mI (163) esp_image: segment 5: paddr=0006565c vaddr=600fe100 size=0001ch (    28) load[0m
[0;32mI (170) boot: Loaded app from partition at offset 0x10000[0m
[0;32mI (170) boot: Disabling RNG early entropy source...[0m
[0;32mI (181) octal_psram: vendor id    : 0x0d (AP)[0m
[0;32mI (181) octal_psram: dev id       : 0x02 (generation 3)[0m
[0;32mI (181) octal_psram: density      : 0x03 (64 Mbit)[0m
[0;32mI (183) octal_psram: good-die     : 0x01 (Pass)[0m
[0;32mI (187) octal_psram: Latency      : 0x01 (Fixed)[0m
[0;32mI (192) octal_psram: VCC          : 0x01 (3V)[0m
[0;32mI (196) octal_psram: SRF          : 0x01 (Fast Refresh)[0m
[0;32mI (201) octal_psram: BurstType    : 0x01 (Hybrid Wrap)[0m
[0;32mI (206) octal_psram: BurstLen     : 0x01 (32 Byte)[0m
[0;32mI (210) octal_psram: Readlatency  : 0x02 (10 cycles@Fixed)[0m
[0;32mI (215) octal_psram: DriveStrength: 0x00 (1/1)[0m
[0;32mI (220) MSPI Timing: PSRAM timing tuning index: 4[0m
[0;32mI (224) esp_psram: Found 8MB PSRAM device[0m
[0;32mI (228) esp_psram: Speed: 80MHz[0m
[0;32mI (231) cpu_start: Multicore app[0m
[0;32mI (660) esp_psram: SPI SRAM memory test OK[0m
[0;32mI (668) cpu_start: Pro cpu start user code[0m
[0;32mI (668) cpu_start: cpu freq: 160000000 Hz[0m
[0;32mI (669) app_init: Application information:[0m
[0;32mI (669) app_init: Project name:     line_detection[0m
[0;32mI (673) app_init: App version:      411ac25-dirty[0m
[0;32mI (677) app_init: Compile time:     Sep 11 2025 13:03:19[0m
[0;32mI (683) app_init: ELF file SHA256:  d287c5c41...[0m
[0;32mI (687) app_init: ESP-IDF:          v5.4.1-dirty[0m
[0;32mI (691) efuse_init: Min chip rev:     v0.0[0m
[0;32mI (695) efuse_init: Max chip rev:     v0.99 [0m
[0;32mI (699) efuse_init: Chip rev:         v0.2[0m
[0;32mI (703) heap_init: Initializing. RAM available for dynamic allocation:[0m
[0;32mI (709) heap_init: At 3FC9BA88 len 0004DC88 (311 KiB): RAM[0m
[0;32mI (714) heap_init: At 3FCE9710 len 00005724 (21 KiB): RAM[0m
[0;32mI (719) heap_init: At 3FCF0000 len 00008000 (32 KiB): DRAM[0m
[0;32mI (725) heap_init: At 600FE11C len 00001ECC (7 KiB): RTCRAM[0m
[0;32mI (730) esp_psram: Adding pool of 8192K of PSRAM memory to heap allocator[0m
[0;32mI (737) spi_flash: detected chip: gd[0m
[0;32mI (740) spi_flash: flash io: dio[0m
[0;32mI (743) sleep_gpio: Configure to isolate all GPIO pins in sleep state[0m
[0;32mI (749) sleep_gpio: Enable automatic switching of GPIO sleep configuration[0m
[0;32mI (756) main_task: Started on CPU0[0m
[0;32mI (786) esp_psram: Reserving pool of 32K of internal memory for DMA/internal allocations[0m
[0;32mI (786) main_task: Calling app_main()[0m
[0;32mI (786) s3 ll_cam: DMA Channel=0[0m
[0;32mI (786) cam_hal: cam init ok[0m
[0;32mI (796) sccb-ng: pin_sda 4 pin_scl 5[0m
[0;32mI (796) sccb-ng: sccb_i2c_port=1[0m
[0;32mI (806) ov3660: Mismatch PID=0x9090[0m
[0;32mI (806) ov5640: Mismatch PID=0x9090[0m
[0;32mI (806) camera: Camera PID=0x2145 VER=0x00 MIDL=0x00 MIDH=0x00[0m
[0;32mI (806) camera: Detected GC2145 camera[0m
[0;32mI (816) camera: Detected camera at address=0x3c[0m
[0;32mI (1226) cam_hal: PSRAM DMA mode disabled[0m
[0;32mI (1226) s3 ll_cam: node_size: 3840, nodes_per_line: 1, lines_per_node: 12[0m
[0;32mI (1226) s3 ll_cam: dma_half_buffer_min:  3840, dma_half_buffer:  7680, lines_per_half_buffer: 24, dma_buffer_size: 30720[0m
[0;32mI (1236) cam_hal: buffer_size: 30720, half_buffer_size: 7680, node_buffer_size: 3840, node_cnt: 8, total_cnt: 5[0m
[0;32mI (1246) cam_hal: Allocating 19200 Byte frame buffer in PSRAM[0m
[0;32mI (1246) cam_hal: cam config ok[0m
[0;32mI (1246) gc2145: subsample win:480x360, ratio:0.333333[0m
[0;33mW (1266) gc2145: unsupport format[0m
[0;33mW (1266) gc2145: Unsupported[0m
[0;33mW (1266) gc2145: Unsupported[0m
[0;33mW (1266) gc2145: Unsupported[0m
[0;33mW (1266) gc2145: Unsupported[0m
[0;33mW (1266) gc2145: Unsupported[0m
[1;31mE (1266) uart: uart_driver_install(1723): uart rx buffer length error[0m
ESP_ERROR_CHECK failed: esp_err_t 0xffffffff (ESP_FAIL) at 0x4200d0e5
file: "./main/line_detection.c" line 388
func: uart1_init
expression: uart_driver_install(UART_PORT, 0, 0, 0, NULL, 0)

abort() was called at PC 0x4037c647 on core 0


Backtrace: 0x40375de9:0x3fc9e1a0 0x4037c651:0x3fc9e1c0 0x40383109:0x3fc9e1e0 0x4037c647:0x3fc9e250 0x4200d0e5:0x3fc9e280 0x4200d168:0x3fc9e2c0 0x4202e22f:0x3fc9e2f0 0x4037d0bd:0x3fc9e320




ELF file SHA256: d287c5c41

Rebooting...
ï¿½ï¿½ï¿½ESP-ROM:esp32s3-20210327
Build:Mar 27 2021
rst:0xc (RTC_SW_CPU_RST),boot:0x28 (SPI_FAST_FLASH_BOOT)
Saved PC:0x40375d29
SPIWP:0xee
mode:DIO, clock div:1
load:0x3fce2810,len:0x15a0
load:0x403c8700,len:0x4
load:0x403c8704,len:0xd20
load:0x403cb700,len:0x2f00
entry 0x403c8928
[0;32mI (31) boot: ESP-IDF v5.4.1-dirty 2nd stage bootloader[0m
[0;32mI (31) boot: compile time Sep 11 2025 13:03:22[0m
[0;32mI (31) boot: Multicore bootloader[0m
[0;32mI (32) boot: chip revision: v0.2[0m
[0;32mI (35) boot: efuse block revision: v1.3[0m
[0;32mI (38) boot.esp32s3: Boot SPI Speed : 80MHz[0m
[0;32mI (42) boot.esp32s3: SPI Mode       : DIO[0m
[0;32mI (46) boot.esp32s3: SPI Flash Size : 8MB[0m
[0;32mI (50) boot: Enabling RNG early entropy source...[0m
[0;32mI (54) boot: Partition Table:[0m
[0;32mI (57) boot: ## Label            Usage          Type ST Offset   Length[0m
[0;32mI (63) boot:  0 nvs              WiFi data        01 02 00009000 00006000[0m
[0;32mI (70) boot:  1 phy_init         RF data          01 01 0000f000 00001000[0m
[0;32mI (76) boot:  2 factory          factory app      00 00 00010000 00100000[0m
[0;32mI (83) boot: End of partition table[0m
[0;32mI (86) esp_image: segment 0: paddr=00010020 vaddr=3c030020 size=0feb0h ( 65200) map[0m
[0;32mI (105) esp_image: segment 1: paddr=0001fed8 vaddr=3fc95300 size=00140h (   320) load[0m
[0;32mI (105) esp_image: segment 2: paddr=00020020 vaddr=42000020 size=2ef80h (192384) map[0m
[0;32mI (143) esp_image: segment 3: paddr=0004efa8 vaddr=3fc95440 size=05448h ( 21576) load[0m
[0;32mI (147) esp_image: segment 4: paddr=000543f8 vaddr=40374000 size=1125ch ( 70236) load[0m
[0;32mI (163) esp_image: segment 5: paddr=0006565c vaddr=600fe100 size=0001ch (    28) load[0m
[0;32mI (170) boot: Loaded app from partition at offset 0x10000[0m
[0;32mI (170) boot: Disabling RNG early entropy source...[0m
[0;32mI (181) octal_psram: vendor id    : 0x0d (AP)[0m
[0;32mI (181) octal_psram: dev id       : 0x02 (generation 3)[0m
[0;32mI (181) octal_psram: density      : 0x03 (64 Mbit)[0m
[0;32mI (183) octal_psram: good-die     : 0x01 (Pass)[0m
[0;32mI (187) octal_psram: Latency      : 0x01 (Fixed)[0m
[0;32mI (192) octal_psram: VCC          : 0x01 (3V)[0m
[0;32mI (196) octal_psram: SRF          : 0x01 (Fast Refresh)[0m
[0;32mI (201) octal_psram: BurstType    : 0x01 (Hybrid Wrap)[0m
[0;32mI (206) octal_psram: BurstLen     : 0x01 (32 Byte)[0m
[0;32mI (210) octal_psram: Readlatency  : 0x02 (10 cycles@Fixed)[0m
[0;32mI (215) octal_psram: DriveStrength: 0x00 (1/1)[0m
[0;32mI (220) MSPI Timing: PSRAM timing tuning index: 4[0m
[0;32mI (224) esp_psram: Found 8MB PSRAM device[0m
[0;32mI (228) esp_psram: Speed: 80MHz[0m
[0;32mI (231) cpu_start: Multicore app[0m
[0;32mI (660) esp_psram: SPI SRAM memory test OK[0m
[0;32mI (668) cpu_start: Pro cpu start user code[0m
[0;32mI (668) cpu_start: cpu freq: 160000000 Hz[0m
[0;32mI (669) app_init: Application information:[0m
[0;32mI (669) app_init: Project name:     line_detection[0m
[0;32mI (673) app_init: App version:      411ac25-dirty[0m
[0;32mI (677) app_init: Compile time:     Sep 11 2025 13:03:19[0m
[0;32mI (683) app_init: ELF file SHA256:  d287c5c41...[0m
[0;32mI (687) app_init: ESP-IDF:          v5.4.1-dirty[0m
[0;32mI (691) efuse_init: Min chip rev:     v0.0[0m
[0;32mI (695) efuse_init: Max chip rev:     v0.99 [0m
[0;32mI (699) efuse_init: Chip rev:         v0.2[0m
[0;32mI (703) heap_init: Initializing. RAM available for dynamic allocation:[0m
[0;32mI (709) heap_init: At 3FC9BA88 len 0004DC88 (311 KiB): RAM[0m
[0;32mI (714) heap_init: At 3FCE9710 len 00005724 (21 KiB): RAM[0m
[0;32mI (719) heap_init: At 3FCF0000 len 00008000 (32 KiB): DRAM[0m
[0;32mI (725) heap_init: At 600FE11C len 00001ECC (7 KiB): RTCRAM[0m
[0;32mI (730) esp_psram: Adding pool of 8192K of PSRAM memory to heap allocator[0m
[0;32mI (737) spi_flash: detected chip: gd[0m
[0;32mI (740) spi_flash: flash io: dio[0m
[0;32mI (743) sleep_gpio: Configure to isolate all GPIO pins in sleep state[0m
[0;32mI (749) sleep_gpio: Enable automatic switching of GPIO sleep configuration[0m
[0;32mI (756) main_task: Started on CPU0[0m
[0;32mI (786) esp_psram: Reserving pool of 32K of internal memory for DMA/internal allocations[0m
[0;32mI (786) main_task: Calling app_main()[0m
[0;32mI (786) s3 ll_cam: DMA Channel=0[0m
[0;32mI (786) cam_hal: cam init ok[0m
[0;32mI (796) sccb-ng: pin_sda 4 pin_scl 5[0m
[0;32mI (796) sccb-ng: sccb_i2c_port=1[0m
[0;32mI (806) ov3660: Mismatch PID=0x9090[0m
[0;32mI (806) ov5640: Mismatch PID=0x9090[0m
[0;32mI (806) camera: Camera PID=0x2145 VER=0x00 MIDL=0x00 MIDH=0x00[0m
[0;32mI (806) camera: Detected GC2145 camera[0m
[0;32mI (816) camera: Detected camera at address=0x3c[0m
[0;32mI (1226) cam_hal: PSRAM DMA mode disabled[0m
[0;32mI (1226) s3 ll_cam: node_size: 3840, nodes_per_line: 1, lines_per_node: 12[0m
[0;32mI (1226) s3 ll_cam: dma_half_buffer_min:  3840, dma_half_buffer:  7680, lines_per_half_buffer: 24, dma_buffer_size: 30720[0m
[0;32mI (1236) cam_hal: buffer_size: 30720, half_buffer_size: 7680, node_buffer_size: 3840, node_cnt: 8, total_cnt: 5[0m
[0;32mI (1246) cam_hal: Allocating 19200 Byte frame buffer in PSRAM[0m
[0;32mI (1246) cam_hal: cam config ok[0m
[0;32mI (1246) gc2145: subsample win:480x360, ratio:0.333333[0m
[0;33mW (1266) gc2145: unsupport format[0m
[0;33mW (1266) gc2145: Unsupported[0m
[0;33mW (1266) gc2145: Unsupported[0m
[0;33mW (1266) gc2145: Unsupported[0m
[0;33mW (1266) gc2145: Unsupported[0m
[0;33mW (1266) gc2145: Unsupported[0m
[1;31mE (1266) uart: uart_driver_install(1723): uart rx buffer length error[0m
ESP_ERROR_CHECK failed: esp_err_t 0xffffffff (ESP_FAIL) at 0x4200d0e5
file: "./main/line_detection.c" line 388
func: uart1_init
expression: uart_driver_install(UART_PORT, 0, 0, 0, NULL, 0)

abort() was called at PC 0x4037c647 on core 0


Backtrace: 0x40375de9:0x3fc9e1a0 0x4037c651:0x3fc9e1c0 0x40383109:0x3fc9e1e0 0x4037c647:0x3fc9e250 0x4200d0e5:0x3fc9e280 0x4200d168:0x3fc9e2c0 0x4202e22f:0x3fc9e2f0 0x4037d0bd:0x3fc9e320




ELF file SHA256: d287c5c41

Rebooting...
ï¿½ï¿½ï¿½ESP-ROM:esp32s3-20210327
Build:Mar 27 2021
rst:0xc (RTC_SW_CPU_RST),boot:0x28 (SPI_FAST_FLASH_BOOT)
Saved PC:0x40375d29
SPIWP:0xee
mode:DIO, clock div:1
load:0x3fce2810,len:0x15a0
load:0x403c8700,len:0x4
load:0x403c8704,len:0xd20
load:0x403cb700,len:0x2f00
entry 0x403c8928
[0;32mI (31) boot: ESP-IDF v5.4.1-dirty 2nd stage bootloader[0m
[0;32mI (31) boot: compile time Sep 11 2025 13:03:22[0m
[0;32mI (31) boot: Multicore bootloader[0m
[0;32mI (32) boot: chip revision: v0.2[0m
[0;32mI (35) boot: efuse block revision: v1.3[0m
[0;32mI (38) boot.esp32s3: Boot SPI Speed : 80MHz[0m
[0;32mI (42) boot.esp32s3: SPI Mode       : DIO[0m
[0;32mI (46) boot.esp32s3: SPI Flash Size : 8MB[0m
[0;32mI (50) boot: Enabling RNG early entropy source...[0m
[0;32mI (54) boot: Partition Table:[0m
[0;32mI (57) boot: ## Label            Usage          Type ST Offset   Length[0m
[0;32mI (63) boot:  0 nvs              WiFi data        01 02 00009000 00006000[0m
[0;32mI (70) boot:  1 phy_init         RF data          01 01 0000f000 00001000[0m
[0;32mI (76) boot:  2 factory          factory app      00 00 00010000 00100000[0m
[0;32mI (83) boot: End of partition table[0m
[0;32mI (86) esp_image: segment 0: paddr=00010020 vaddr=3c030020 size=0feb0h ( 65200) map[0m
[0;32mI (105) esp_image: segment 1: paddr=0001fed8 vaddr=3fc95300 size=00140h (   320) load[0m
[0;32mI (105) esp_image: segment 2: paddr=00020020 vaddr=42000020 size=2ef80h (192384) map[0m
[0;32mI (143) esp_image: segment 3: paddr=0004efa8 vaddr=3fc95440 size=05448h ( 21576) load[0m
[0;32mI (147) esp_image: segment 4: paddr=000543f8 vaddr=40374000 size=1125ch ( 70236) load[0m
[0;32mI (163) esp_image: segment 5: paddr=0006565c vaddr=600fe100 size=0001ch (    28) load[0m
[0;32mI (170) boot: Loaded app from partition at offset 0x10000[0m
[0;32mI (170) boot: Disabling RNG early entropy source...[0m
[0;32mI (181) octal_psram: vendor id    : 0x0d (AP)[0m
[0;32mI (181) octal_psram: dev id       : 0x02 (generation 3)[0m
[0;32mI (181) octal_psram: density      : 0x03 (64 Mbit)[0m
[0;32mI (183) octal_psram: good-die     : 0x01 (Pass)[0m
[0;32mI (187) octal_psram: Latency      : 0x01 (Fixed)[0m
[0;32mI (192) octal_psram: VCC          : 0x01 (3V)[0m
[0;32mI (196) octal_psram: SRF          : 0x01 (Fast Refresh)[0m
[0;32mI (201) octal_psram: BurstType    : 0x01 (Hybrid Wrap)[0m
[0;32mI (206) octal_psram: BurstLen     : 0x01 (32 Byte)[0m
[0;32mI (210) octal_psram: Readlatency  : 0x02 (10 cycles@Fixed)[0m
[0;32mI (215) octal_psram: DriveStrength: 0x00 (1/1)[0m
[0;32mI (220) MSPI Timing: PSRAM timing tuning index: 4[0m
[0;32mI (224) esp_psram: Found 8MB PSRAM device[0m
[0;32mI (228) esp_psram: Speed: 80MHz[0m
[0;32mI (231) cpu_start: Multicore app[0m
[0;32mI (660) esp_psram: SPI SRAM memory test OK[0m
[0;32mI (668) cpu_start: Pro cpu start user code[0m
[0;32mI (668) cpu_start: cpu freq: 160000000 Hz[0m
[0;32mI (669) app_init: Application information:[0m
[0;32mI (669) app_init: Project name:     line_detection[0m
[0;32mI (673) app_init: App version:      411ac25-dirty[0m
[0;32mI (677) app_init: Compile time:     Sep 11 2025 13:03:19[0m
[0;32mI (683) app_init: ELF file SHA256:  d287c5c41...[0m
[0;32mI (687) app_init: ESP-IDF:          v5.4.1-dirty[0m
[0;32mI (691) efuse_init: Min chip rev:     v0.0[0m
[0;32mI (695) efuse_init: Max chip rev:     v0.99 [0m
[0;32mI (699) efuse_init: Chip rev:         v0.2[0m
[0;32mI (703) heap_init: Initializing. RAM available for dynamic allocation:[0m
[0;32mI (709) heap_init: At 3FC9BA88 len 0004DC88 (311 KiB): RAM[0m
[0;32mI (714) heap_init: At 3FCE9710 len 00005724 (21 KiB): RAM[0m
[0;32mI (719) heap_init: At 3FCF0000 len 00008000 (32 KiB): DRAM[0m
[0;32mI (725) heap_init: At 600FE11C len 00001ECC (7 KiB): RTCRAM[0m
[0;32mI (730) esp_psram: Adding pool of 8192K of PSRAM memory to heap allocator[0m
[0;32mI (737) spi_flash: detected chip: gd[0m
[0;32mI (740) spi_flash: flash io: dio[0m
[0;32mI (743) sleep_gpio: Configure to isolate all GPIO pins in sleep state[0m
[0;32mI (749) sleep_gpio: Enable automatic switching of GPIO sleep configuration[0m
[0;32mI (756) main_task: Started on CPU0[0m
[0;32mI (786) esp_psram: Reserving pool of 32K of internal memory for DMA/internal allocations[0m
[0;32mI (786) main_task: Calling app_main()[0m
[0;32mI (786) s3 ll_cam: DMA Channel=0[0m
[0;32mI (786) cam_hal: cam init ok[0m
[0;32mI (796) sccb-ng: pin_sda 4 pin_scl 5[0m
[0;32mI (796) sccb-ng: sccb_i2c_port=1[0m
[0;32mI (806) ov3660: Mismatch PID=0x9090[0m
[0;32mI (806) ov5640: Mismatch PID=0x9090[0m
[0;32mI (806) camera: Camera PID=0x2145 VER=0x00 MIDL=0x00 MIDH=0x00[0m
[0;32mI (806) camera: Detected GC2145 camera[0m
[0;32mI (816) camera: Detected camera at address=0x3c[0m
[0;32mI (1226) cam_hal: PSRAM DMA mode disabled[0m
[0;32mI (1226) s3 ll_cam: node_size: 3840, nodes_per_line: 1, lines_per_node: 12[0m
[0;32mI (1226) s3 ll_cam: dma_half_buffer_min:  3840, dma_half_buffer:  7680, lines_per_half_buffer: 24, dma_buffer_size: 30720[0m
[0;32mI (1236) cam_hal: buffer_size: 30720, half_buffer_size: 7680, node_buffer_size: 3840, node_cnt: 8, total_cnt: 5[0m
[0;32mI (1246) cam_hal: Allocating 19200 Byte frame buffer in PSRAM[0m
[0;32mI (1246) cam_hal: cam config ok[0m
[0;32mI (1246) gc2145: subsample win:480x360, ratio:0.333333[0m
[0;33mW (1266) gc2145: unsupport format[0m
[0;33mW (1266) gc2145: Unsupported[0m
[0;33mW (1266) gc2145: Unsupported[0m
[0;33mW (1266) gc2145: Unsupported[0m
[0;33mW (1266) gc2145: Unsupported[0m
[0;33mW (1266) gc2145: Unsupported[0m
[1;31mE (1266) uart: uart_driver_install(1723): uart rx buffer length error[0m
ESP_ERROR_CHECK failed: esp_err_t 0xffffffff (ESP_FAIL) at 0x4200d0e5
file: "./main/line_detection.c" line 388
func: uart1_init
expression: uart_driver_install(UART_PORT, 0, 0, 0, NULL, 0)

abort() was called at PC 0x4037c647 on core 0


Backtrace: 0x40375de9:0x3fc9e1a0 0x4037c651:0x3fc9e1c0 0x40383109:0x3fc9e1e0 0x4037c647:0x3fc9e250 0x4200d0e5:0x3fc9e280 0x4200d168:0x3fc9e2c0 0x4202e22f:0x3fc9e2f0 0x4037d0bd:0x3fc9e320




ELF file SHA256: d287c5c41

Rebooting...
ï¿½ï¿½ï¿½ESP-ROM:esp32s3-20210327
Build:Mar 27 2021
rst:0xc (RTC_SW_CPU_RST),boot:0x28 (SPI_FAST_FLASH_BOOT)
Saved PC:0x40375d29
SPIWP:0xee
mode:DIO, clock div:1
load:0x3fce2810,len:0x15a0
load:0x403c8700,len:0x4
load:0x403c8704,len:0xd20
load:0x403cb700,len:0x2f00
entry 0x403c8928
[0;32mI (31) boot: ESP-IDF v5.4.1-dirty 2nd stage bootloader[0m
[0;32mI (31) boot: compile time Sep 11 2025 13:03:22[0m
[0;32mI (31) boot: Multicore bootloader[0m
[0;32mI (32) boot: chip revision: v0.2[0m
[0;32mI (35) boot: efuse block revision: v1.3[0m
[0;32mI (38) boot.esp32s3: Boot SPI Speed : 80MHz[0m
[0;32mI (42) boot.esp32s3: SPI Mode       : DIO[0m
[0;32mI (46) boot.esp32s3: SPI Flash Size : 8MB[0m
[0;32mI (50) boot: Enabling RNG early entropy source...[0m
[0;32mI (54) boot: Partition Table:[0m
[0;32mI (57) boot: ## Label            Usage          Type ST Offset   Length[0m
[0;32mI (63) boot:  0 nvs              WiFi data        01 02 00009000 00006000[0m
[0;32mI (70) boot:  1 phy_init         RF data          01 01 0000f000 00001000[0m
[0;32mI (76) boot:  2 factory          factory app      00 00 00010000 00100000[0m
[0;32mI (83) boot: End of partition table[0m
[0;32mI (86) esp_image: segment 0: paddr=00010020 vaddr=3c030020 size=0feb0h ( 65200) map[0m
[0;32mI (105) esp_image: segment 1: paddr=0001fed8 vaddr=3fc95300 size=00140h (   320) load[0m
[0;32mI (105) esp_image: segment 2: paddr=00020020 vaddr=42000020 size=2ef80h (192384) map[0m
[0;32mI (143) esp_image: segment 3: paddr=0004efa8 vaddr=3fc95440 size=05448h ( 21576) load[0m
[0;32mI (147) esp_image: segment 4: paddr=000543f8 vaddr=40374000 size=1125ch ( 70236) load[0m
[0;32mI (163) esp_image: segment 5: paddr=0006565c vaddr=600fe100 size=0001ch (    28) load[0m
[0;32mI (170) boot: Loaded app from partition at offset 0x10000[0m
[0;32mI (170) boot: Disabling RNG early entropy source...[0m
[0;32mI (181) octal_psram: vendor id    : 0x0d (AP)[0m
[0;32mI (181) octal_psram: dev id       : 0x02 (generation 3)[0m
[0;32mI (181) octal_psram: density      : 0x03 (64 Mbit)[0m
[0;32mI (183) octal_psram: good-die     : 0x01 (Pass)[0m
[0;32mI (187) octal_psram: Latency      : 0x01 (Fixed)[0m
[0;32mI (192) octal_psram: VCC          : 0x01 (3V)[0m
[0;32mI (196) octal_psram: SRF          : 0x01 (Fast Refresh)[0m
[0;32mI (201) octal_psram: BurstType    : 0x01 (Hybrid Wrap)[0m
[0;32mI (206) octal_psram: BurstLen     : 0x01 (32 Byte)[0m
[0;32mI (210) octal_psram: Readlatency  : 0x02 (10 cycles@Fixed)[0m
[0;32mI (215) octal_psram: DriveStrength: 0x00 (1/1)[0m
[0;32mI (220) MSPI Timing: PSRAM timing tuning index: 4[0m
[0;32mI (224) esp_psram: Found 8MB PSRAM device[0m
[0;32mI (228) esp_psram: Speed: 80MHz[0m
[0;32mI (231) cpu_start: Multicore app[0m
[0;32mI (660) esp_psram: SPI SRAM memory test OK[0m
[0;32mI (668) cpu_start: Pro cpu start user code[0m
[0;32mI (668) cpu_start: cpu freq: 160000000 Hz[0m
[0;32mI (669) app_init: Application information:[0m
[0;32mI (669) app_init: Project name:     line_detection[0m
[0;32mI (673) app_init: App version:      411ac25-dirty[0m
[0;32mI (677) app_init: Compile time:     Sep 11 2025 13:03:19[0m
[0;32mI (683) app_init: ELF file SHA256:  d287c5c41...[0m
[0;32mI (687) app_init: ESP-IDF:          v5.4.1-dirty[0m
[0;32mI (691) efuse_init: Min chip rev:     v0.0[0m
[0;32mI (695) efuse_init: Max chip rev:     v0.99 [0m
[0;32mI (699) efuse_init: Chip rev:         v0.2[0m
[0;32mI (703) heap_init: Initializing. RAM available for dynamic allocation:[0m
[0;32mI (709) heap_init: At 3FC9BA88 len 0004DC88 (311 KiB): RAM[0m
[0;32mI (714) heap_init: At 3FCE9710 len 00005724 (21 KiB): RAM[0m
[0;32mI (719) heap_init: At 3FCF0000 len 00008000 (32 KiB): DRAM[0m
[0;32mI (725) heap_init: At 600FE11C len 00001ECC (7 KiB): RTCRAM[0m
[0;32mI (730) esp_psram: Adding pool of 8192K of PSRAM memory to heap allocator[0m
[0;32mI (737) spi_flash: detected chip: gd[0m
[0;32mI (740) spi_flash: flash io: dio[0m
[0;32mI (743) sleep_gpio: Configure to isolate all GPIO pins in sleep state[0m
[0;32mI (749) sleep_gpio: Enable automatic switching of GPIO sleep configuration[0m
[0;32mI (756) main_task: Started on CPU0[0m
[0;32mI (786) esp_psram: Reserving pool of 32K of internal memory for DMA/internal allocations[0m
[0;32mI (786) main_task: Calling app_main()[0m
[0;32mI (786) s3 ll_cam: DMA Channel=0[0m
[0;32mI (786) cam_hal: cam init ok[0m
[0;32mI (796) sccb-ng: pin_sda 4 pin_scl 5[0m
[0;32mI (796) sccb-ng: sccb_i2c_port=1[0m
[0;32mI (806) ov3660: Mismatch PID=0x9090[0m
[0;32mI (806) ov5640: Mismatch PID=0x9090[0m
[0;32mI (806) camera: Camera PID=0x2145 VER=0x00 MIDL=0x00 MIDH=0x00[0m
[0;32mI (806) camera: Detected GC2145 camera[0m
[0;32mI (816) camera: Detected camera at address=0x3c[0m
[0;32mI (1226) cam_hal: PSRAM DMA mode disabled[0m
[0;32mI (1226) s3 ll_cam: node_size: 3840, nodes_per_line: 1, lines_per_node: 12[0m
[0;32mI (1226) s3 ll_cam: dma_half_buffer_min:  3840, dma_half_buffer:  7680, lines_per_half_buffer: 24, dma_buffer_size: 30720[0m
[0;32mI (1236) cam_hal: buffer_size: 30720, half_buffer_size: 7680, node_buffer_size: 3840, node_cnt: 8, total_cnt: 5[0m
[0;32mI (1246) cam_hal: Allocating 19200 Byte frame buffer in PSRAM[0m
[0;32mI (1246) cam_hal: cam config ok[0m
[0;32mI (1246) gc2145: subsample win:480x360, ratio:0.333333[0m
[0;33mW (1266) gc2145: unsupport format[0m
[0;33mW (1266) gc2145: Unsupported[0m
[0;33mW (1266) gc2145: Unsupported[0m
[0;33mW (1266) gc2145: Unsupported[0m
[0;33mW (1266) gc2145: Unsupported[0m
[0;33mW (1266) gc2145: Unsupported[0m
[1;31mE (1266) uart: uart_driver_install(1723): uart rx buffer length error[0m
ESP_ERROR_CHECK failed: esp_err_t 0xffffffff (ESP_FAIL) at 0x4200d0e5
file: "./main/line_detection.c" line 388
func: uart1_init
expression: uart_driver_install(UART_PORT, 0, 0, 0, NULL, 0)

abort() was called at PC 0x4037c647 on core 0


Backtrace: 0x40375de9:0x3fc9e1a0 0x4037c651:0x3fc9e1c0 0x40383109:0x3fc9e1e0 0x4037c647:0x3fc9e250 0x4200d0e5:0x3fc9e280 0x4200d168:0x3fc9e2c0 0x4202e22f:0x3fc9e2f0 0x4037d0bd:0x3fc9e320




ELF file SHA256: d287c5c41

Rebooting...
ï¿½ï¿½ï¿½ESP-ROM:esp32s3-20210327
Build:Mar 27 2021
rst:0xc (RTC_SW_CPU_RST),boot:0x28 (SPI_FAST_FLASH_BOOT)
Saved PC:0x40375d29
SPIWP:0xee
mode:DIO, clock div:1
load:0x3fce2810,len:0x15a0
load:0x403c8700,len:0x4
load:0x403c8704,len:0xd20
load:0x403cb700,len:0x2f00
entry 0x403c8928
[0;32mI (31) boot: ESP-IDF v5.4.1-dirty 2nd stage bootloader[0m
[0;32mI (31) boot: compile time Sep 11 2025 13:03:22[0m
[0;32mI (31) boot: Multicore bootloader[0m
[0;32mI (32) boot: chip revision: v0.2[0m
[0;32mI (35) boot: efuse block revision: v1.3[0m
[0;32mI (38) boot.esp32s3: Boot SPI Speed : 80MHz[0m
[0;32mI (42) boot.esp32s3: SPI Mode       : DIO[0m
[0;32mI (46) boot.esp32s3: SPI Flash Size : 8MB[0m
[0;32mI (50) boot: Enabling RNG early entropy source...[0m
[0;32mI (54) boot: Partition Table:[0m
[0;32mI (57) boot: ## Label            Usage          Type ST Offset   Length[0m
[0;32mI (63) boot:  0 nvs              WiFi data        01 02 00009000 00006000[0m
[0;32mI (70) boot:  1 phy_init         RF data          01 01 0000f000 00001000[0m
[0;32mI (76) boot:  2 factory          factory app      00 00 00010000 00100000[0m
[0;32mI (83) boot: End of partition table[0m
[0;32mI (86) esp_image: segment 0: paddr=00010020 vaddr=3c030020 size=0feb0h ( 65200) map[0m
[0;32mI (105) esp_image: segment 1: paddr=0001fed8 vaddr=3fc95300 size=00140h (   320) load[0m
[0;32mI (105) esp_image: segment 2: paddr=00020020 vaddr=42000020 size=2ef80h (192384) map[0m
[0;32mI (143) esp_image: segment 3: paddr=0004efa8 vaddr=3fc95440 size=05448h ( 21576) load[0m
[0;32mI (147) esp_image: segment 4: paddr=000543f8 vaddr=40374000 size=1125ch ( 70236) load[0m
[0;32mI (163) esp_image: segment 5: paddr=0006565c vaddr=600fe100 size=0001ch (    28) load[0m
[0;32mI (170) boot: Loaded app from partition at offset 0x10000[0m
[0;32mI (170) boot: Disabling RNG early entropy source...[0m
[0;32mI (181) octal_psram: vendor id    : 0x0d (AP)[0m
[0;32mI (181) octal_psram: dev id       : 0x02 (generation 3)[0m
[0;32mI (181) octal_psram: density      : 0x03 (64 Mbit)[0m
[0;32mI (183) octal_psram: good-die     : 0x01 (Pass)[0m
[0;32mI (187) octal_psram: Latency      : 0x01 (Fixed)[0m
[0;32mI (192) octal_psram: VCC          : 0x01 (3V)[0m
[0;32mI (196) octal_psram: SRF          : 0x01 (Fast Refresh)[0m
[0;32mI (201) octal_psram: BurstType    : 0x01 (Hybrid Wrap)[0m
[0;32mI (206) octal_psram: BurstLen     : 0x01 (32 Byte)[0m
[0;32mI (210) octal_psram: Readlatency  : 0x02 (10 cycles@Fixed)[0m
[0;32mI (215) octal_psram: DriveStrength: 0x00 (1/1)[0m
[0;32mI (220) MSPI Timing: PSRAM timing tuning index: 4[0m
[0;32mI (224) esp_psram: Found 8MB PSRAM device[0m
[0;32mI (228) esp_psram: Speed: 80MHz[0m
[0;32mI (231) cpu_start: Multicore app[0m
[0;32mI (660) esp_psram: SPI SRAM memory test OK[0m
[0;32mI (668) cpu_start: Pro cpu start user code[0m
[0;32mI (668) cpu_start: cpu freq: 160000000 Hz[0m
[0;32mI (669) app_init: Application information:[0m
[0;32mI (669) app_init: Project name:     line_detection[0m
[0;32mI (673) app_init: App version:      411ac25-dirty[0m
[0;32mI (677) app_init: Compile time:     Sep 11 2025 13:03:19[0m
[0;32mI (683) app_init: ELF file SHA256:  d287c5c41...[0m
[0;32mI (687) app_init: ESP-IDF:          v5.4.1-dirty[0m
[0;32mI (691) efuse_init: Min chip rev:     v0.0[0m
[0;32mI (695) efuse_init: Max chip rev:     v0.99 [0m
[0;32mI (699) efuse_init: Chip rev:         v0.2[0m
[0;32mI (703) heap_init: Initializing. RAM available for dynamic allocation:[0m
[0;32mI (709) heap_init: At 3FC9BA88 len 0004DC88 (311 KiB): RAM[0m
[0;32mI (714) heap_init: At 3FCE9710 len 00005724 (21 KiB): RAM[0m
[0;32mI (719) heap_init: At 3FCF0000 len 00008000 (32 KiB): DRAM[0m
[0;32mI (725) heap_init: At 600FE11C len 00001ECC (7 KiB): RTCRAM[0m
[0;32mI (730) esp_psram: Adding pool of 8192K of PSRAM memory to heap allocator[0m
[0;32mI (737) spi_flash: detected chip: gd[0m
[0;32mI (740) spi_flash: flash io: dio[0m
[0;32mI (743) sleep_gpio: Configure to isolate all GPIO pins in sleep state[0m
[0;32mI (749) sleep_gpio: Enable automatic switching of GPIO sleep configuration[0m
[0;32mI (756) main_task: Started on CPU0[0m
[0;32mI (786) esp_psram: Reserving pool of 32K of internal memory for DMA/internal allocations[0m
[0;32mI (786) main_task: Calling app_main()[0m
[0;32mI (786) s3 ll_cam: DMA Channel=0[0m
[0;32mI (786) cam_hal: cam init ok[0m
[0;32mI (796) sccb-ng: pin_sda 4 pin_scl 5[0m
[0;32mI (796) sccb-ng: sccb_i2c_port=1[0m
[0;32mI (806) ov3660: Mismatch PID=0x9090[0m
[0;32mI (806) ov5640: Mismatch PID=0x9090[0m
[0;32mI (806) camera: Camera PID=0x2145 VER=0x00 MIDL=0x00 MIDH=0x00[0m
[0;32mI (806) camera: Detected GC2145 camera[0m
[0;32mI (816) camera: Detected camera at address=0x3c[0m
[0;32mI (1226) cam_hal: PSRAM DMA mode disabled[0m
[0;32mI (1226) s3 ll_cam: node_size: 3840, nodes_per_line: 1, lines_per_node: 12[0m
[0;32mI (1226) s3 ll_cam: dma_half_buffer_min:  3840, dma_half_buffer:  7680, lines_per_half_buffer: 24, dma_buffer_size: 30720[0m
[0;32mI (1236) cam_hal: buffer_size: 30720, half_buffer_size: 7680, node_buffer_size: 3840, node_cnt: 8, total_cnt: 5[0m
[0;32mI (1246) cam_hal: Allocating 19200 Byte frame buffer in PSRAM[0m
[0;32mI (1246) cam_hal: cam config ok[0m
[0;32mI (1246) gc2145: subsample win:480x360, ratio:0.333333[0m
[0;33mW (1266) gc2145: unsupport format[0m
[0;33mW (1266) gc2145: Unsupported[0m
[0;33mW (1266) gc2145: Unsupported[0m
[0;33mW (1266) gc2145: Unsupported[0m
[0;33mW (1266) gc2145: Unsupported[0m
[0;33mW (1266) gc2145: Unsupported[0m
[1;31mE (1266) uart: uart_driver_install(1723): uart rx buffer length error[0m
ESP_ERROR_CHECK failed: esp_err_t 0xffffffff (ESP_FAIL) at 0x4200d0e5
file: "./main/line_detection.c" line 388
func: uart1_init
expression: uart_driver_install(UART_PORT, 0, 0, 0, NULL, 0)

abort() was called at PC 0x4037c647 on core 0


Backtrace: 0x40375de9:0x3fc9e1a0 0x4037c651:0x3fc9e1c0 0x40383109:0x3fc9e1e0 0x4037c647:0x3fc9e250 0x4200d0e5:0x3fc9e280 0x4200d168:0x3fc9e2c0 0x4202e22f:0x3fc9e2f0 0x4037d0bd:0x3fc9e320




ELF file SHA256: d287c5c41

Rebooting...
ï¿½ï¿½ï¿½ESP-ROM:esp32s3-20210327
Build:Mar 27 2021
rst:0xc (RTC_SW_CPU_RST),boot:0x28 (SPI_FAST_FLASH_BOOT)
Saved PC:0x40375d29
SPIWP:0xee
mode:DIO, clock div:1
load:0x3fce2810,len:0x15a0
load:0x403c8700,len:0x4
load:0x403c8704,len:0xd20
load:0x403cb700,len:0x2f00
entry 0x403c8928
[0;32mI (31) boot: ESP-IDF v5.4.1-dirty 2nd stage bootloader[0m
[0;32mI (31) boot: compile time Sep 11 2025 13:03:22[0m
[0;32mI (31) boot: Multicore bootloader[0m
[0;32mI (32) boot: chip revision: v0.2[0m
[0;32mI (35) boot: efuse block revision: v1.3[0m
[0;32mI (38) boot.esp32s3: Boot SPI Speed : 80MHz[0m
[0;32mI (42) boot.esp32s3: SPI Mode       : DIO[0m
[0;32mI (46) boot.esp32s3: SPI Flash Size : 8MB[0m
[0;32mI (50) boot: Enabling RNG early entropy source...[0m
[0;32mI (54) boot: Partition Table:[0m
[0;32mI (57) boot: ## Label            Usage          Type ST Offset   Length[0m
[0;32mI (63) boot:  0 nvs              WiFi data        01 02 00009000 00006000[0m
[0;32mI (70) boot:  1 phy_init         RF data          01 01 0000f000 00001000[0m
[0;32mI (76) boot:  2 factory          factory app      00 00 00010000 00100000[0m
[0;32mI (83) boot: End of partition table[0m
[0;32mI (86) esp_image: segment 0: paddr=00010020 vaddr=3c030020 size=0feb0h ( 65200) map[0m
[0;32mI (105) esp_image: segment 1: paddr=0001fed8 vaddr=3fc95300 size=00140h (   320) load[0m
[0;32mI (105) esp_image: segment 2: paddr=00020020 vaddr=42000020 size=2ef80h (192384) map[0m
[0;32mI (143) esp_image: segment 3: paddr=0004efa8 vaddr=3fc95440 size=05448h ( 21576) load[0m
[0;32mI (147) esp_image: segment 4: paddr=000543f8 vaddr=40374000 size=1125ch ( 70236) load[0m
[0;32mI (163) esp_image: segment 5: paddr=0006565c vaddr=600fe100 size=0001ch (    28) load[0m
[0;32mI (170) boot: Loaded app from partition at offset 0x10000[0m
[0;32mI (170) boot: Disabling RNG early entropy source...[0m
[0;32mI (181) octal_psram: vendor id    : 0x0d (AP)[0m
[0;32mI (181) octal_psram: dev id       : 0x02 (generation 3)[0m
[0;32mI (181) octal_psram: density      : 0x03 (64 Mbit)[0m
[0;32mI (183) octal_psram: good-die     : 0x01 (Pass)[0m
[0;32mI (187) octal_psram: Latency      : 0x01 (Fixed)[0m
[0;32mI (192) octal_psram: VCC          : 0x01 (3V)[0m
[0;32mI (196) octal_psram: SRF          : 0x01 (Fast Refresh)[0m
[0;32mI (201) octal_psram: BurstType    : 0x01 (Hybrid Wrap)[0m
[0;32mI (206) octal_psram: BurstLen     : 0x01 (32 Byte)[0m
[0;32mI (210) octal_psram: Readlatency  : 0x02 (10 cycles@Fixed)[0m
[0;32mI (215) octal_psram: DriveStrength: 0x00 (1/1)[0m
[0;32mI (220) MSPI Timing: PSRAM timing tuning index: 4[0m
[0;32mI (224) esp_psram: Found 8MB PSRAM device[0m
[0;32mI (228) esp_psram: Speed: 80MHz[0m
[0;32mI (231) cpu_start: Multicore app[0m
[0;32mI (660) esp_psram: SPI SRAM memory test OK[0m
[0;32mI (668) cpu_start: Pro cpu start user code[0m
[0;32mI (668) cpu_start: cpu freq: 160000000 Hz[0m
[0;32mI (669) app_init: Application information:[0m
[0;32mI (669) app_init: Project name:     line_detection[0m
[0;32mI (673) app_init: App version:      411ac25-dirty[0m
[0;32mI (677) app_init: Compile time:     Sep 11 2025 13:03:19[0m
[0;32mI (683) app_init: ELF file SHA256:  d287c5c41...[0m
[0;32mI (687) app_init: ESP-IDF:          v5.4.1-dirty[0m
[0;32mI (691) efuse_init: Min chip rev:     v0.0[0m
[0;32mI (695) efuse_init: Max chip rev:     v0.99 [0m
[0;32mI (699) efuse_init: Chip rev:         v0.2[0m
[0;32mI (703) heap_init: Initializing. RAM available for dynamic allocation:[0m
[0;32mI (709) heap_init: At 3FC9BA88 len 0004DC88 (311 KiB): RAM[0m
[0;32mI (714) heap_init: At 3FCE9710 len 00005724 (21 KiB): RAM[0m
[0;32mI (719) heap_init: At 3FCF0000 len 00008000 (32 KiB): DRAM[0m
[0;32mI (725) heap_init: At 600FE11C len 00001ECC (7 KiB): RTCRAM[0m
[0;32mI (730) esp_psram: Adding pool of 8192K of PSRAM memory to heap allocator[0m
[0;32mI (737) spi_flash: detected chip: gd[0m
[0;32mI (740) spi_flash: flash io: dio[0m
[0;32mI (743) sleep_gpio: Configure to isolate all GPIO pins in sleep state[0m
[0;32mI (749) sleep_gpio: Enable automatic switching of GPIO sleep configuration[0m
[0;32mI (756) main_task: Started on CPU0[0m
[0;32mI (786) esp_psram: Reserving pool of 32K of internal memory for DMA/internal allocations[0m
[0;32mI (786) main_task: Calling app_main()[0m
[0;32mI (786) s3 ll_cam: DMA Channel=0[0m
[0;32mI (786) cam_hal: cam init ok[0m
[0;32mI (796) sccb-ng: pin_sda 4 pin_scl 5[0m
[0;32mI (796) sccb-ng: sccb_i2c_port=1[0m
[0;32mI (806) ov3660: Mismatch PID=0x9090[0m
[0;32mI (806) ov5640: Mismatch PID=0x9090[0m
[0;32mI (806) camera: Camera PID=0x2145 VER=0x00 MIDL=0x00 MIDH=0x00[0m
[0;32mI (806) camera: Detected GC2145 camera[0m
[0;32mI (816) camera: Detected camera at address=0x3c[0m
[0;32mI (1226) cam_hal: PSRAM DMA mode disabled[0m
[0;32mI (1226) s3 ll_cam: node_size: 3840, nodes_per_line: 1, lines_per_node: 12[0m
[0;32mI (1226) s3 ll_cam: dma_half_buffer_min:  3840, dma_half_buffer:  7680, lines_per_half_buffer: 24, dma_buffer_size: 30720[0m
[0;32mI (1236) cam_hal: buffer_size: 30720, half_buffer_size: 7680, node_buffer_size: 3840, node_cnt: 8, total_cnt: 5[0m
[0;32mI (1246) cam_hal: Allocating 19200 Byte frame buffer in PSRAM[0m
[0;32mI (1246) cam_hal: cam config ok[0m
[0;32mI (1246) gc2145: subsample win:480x360, ratio:0.333333[0m
[0;33mW (1266) gc2145: unsupport format[0m
[0;33mW (1266) gc2145: Unsupported[0m
[0;33mW (1266) gc2145: Unsupported[0m
[0;33mW (1266) gc2145: Unsupported[0m
[0;33mW (1266) gc2145: Unsupported[0m
[0;33mW (1266) gc2145: Unsupported[0m
[1;31mE (1266) uart: uart_driver_install(1723): uart rx buffer length error[0m
ESP_ERROR_CHECK failed: esp_err_t 0xffffffff (ESP_FAIL) at 0x4200d0e5
file: "./main/line_detection.c" line 388
func: uart1_init
expression: uart_driver_install(UART_PORT, 0, 0, 0, NULL, 0)

abort() was called at PC 0x4037c647 on core 0


Backtrace: 0x40375de9:0x3fc9e1a0 0x4037c651:0x3fc9e1c0 0x40383109:0x3fc9e1e0 0x4037c647:0x3fc9e250 0x4200d0e5:0x3fc9e280 0x4200d168:0x3fc9e2c0 0x4202e22f:0x3fc9e2f0 0x4037d0bd:0x3fc9e320




ELF file SHA256: d287c5c41

Rebooting...
ï¿½ï¿½ï¿½ESP-ROM:esp32s3-20210327
Build:Mar 27 2021
rst:0xc (RTC_SW_CPU_RST),boot:0x28 (SPI_FAST_FLASH_BOOT)
Saved PC:0x40375d29
SPIWP:0xee
mode:DIO, clock div:1
load:0x3fce2810,len:0x15a0
load:0x403c8700,len:0x4
load:0x403c8704,len:0xd20
load:0x403cb700,len:0x2f00
entry 0x403c8928
[0;32mI (31) boot: ESP-IDF v5.4.1-dirty 2nd stage bootloader[0m
[0;32mI (31) boot: compile time Sep 11 2025 13:03:22[0m
[0;32mI (31) boot: Multicore bootloader[0m
[0;32mI (32) boot: chip revision: v0.2[0m
[0;32mI (35) boot: efuse block revision: v1.3[0m
[0;32mI (38) boot.esp32s3: Boot SPI Speed : 80MHz[0m
[0;32mI (42) boot.esp32s3: SPI Mode       : DIO[0m
[0;32mI (46) boot.esp32s3: SPI Flash Size : 8MB[0m
[0;32mI (50) boot: Enabling RNG early entropy source...[0m
[0;32mI (54) boot: Partition Table:[0m
[0;32mI (57) boot: ## Label            Usage          Type ST Offset   Length[0m
[0;32mI (63) boot:  0 nvs              WiFi data        01 02 00009000 00006000[0m
[0;32mI (70) boot:  1 phy_init         RF data          01 01 0000f000 00001000[0m
[0;32mI (76) boot:  2 factory          factory app      00 00 00010000 00100000[0m
[0;32mI (83) boot: End of partition table[0m
[0;32mI (86) esp_image: segment 0: paddr=00010020 vaddr=3c030020 size=0feb0h ( 65200) map[0m
[0;32mI (105) esp_image: segment 1: paddr=0001fed8 vaddr=3fc95300 size=00140h (   320) load[0m
[0;32mI (105) esp_image: segment 2: paddr=00020020 vaddr=42000020 size=2ef80h (192384) map[0m
[0;32mI (143) esp_image: segment 3: paddr=0004efa8 vaddr=3fc95440 size=05448h ( 21576) load[0m
[0;32mI (147) esp_image: segment 4: paddr=000543f8 vaddr=40374000 size=1125ch ( 70236) load[0m
[0;32mI (163) esp_image: segment 5: paddr=0006565c vaddr=600fe100 size=0001ch (    28) load[0m
[0;32mI (170) boot: Loaded app from partition at offset 0x10000[0m
[0;32mI (170) boot: Disabling RNG early entropy source...[0m
[0;32mI (181) octal_psram: vendor id    : 0x0d (AP)[0m
[0;32mI (181) octal_psram: dev id       : 0x02 (generation 3)[0m
[0;32mI (181) octal_psram: density      : 0x03 (64 Mbit)[0m
[0;32mI (183) octal_psram: good-die     : 0x01 (Pass)[0m
[0;32mI (187) octal_psram: Latency      : 0x01 (Fixed)[0m
[0;32mI (192) octal_psram: VCC          : 0x01 (3V)[0m
[0;32mI (196) octal_psram: SRF          : 0x01 (Fast Refresh)[0m
[0;32mI (201) octal_psram: BurstType    : 0x01 (Hybrid Wrap)[0m
[0;32mI (206) octal_psram: BurstLen     : 0x01 (32 Byte)[0m
[0;32mI (210) octal_psram: Readlatency  : 0x02 (10 cycles@Fixed)[0m
[0;32mI (215) octal_psram: DriveStrength: 0x00 (1/1)[0m
[0;32mI (220) MSPI Timing: PSRAM timing tuning index: 4[0m
[0;32mI (224) esp_psram: Found 8MB PSRAM device[0m
[0;32mI (228) esp_psram: Speed: 80MHz[0m
[0;32mI (231) cpu_start: Multicore app[0m
[0;32mI (660) esp_psram: SPI SRAM memory test OK[0m
[0;32mI (668) cpu_start: Pro cpu start user code[0m
[0;32mI (668) cpu_start: cpu freq: 160000000 Hz[0m
[0;32mI (669) app_init: Application information:[0m
[0;32mI (669) app_init: Project name:     line_detection[0m
[0;32mI (673) app_init: App version:      411ac25-dirty[0m
[0;32mI (677) app_init: Compile time:     Sep 11 2025 13:03:19[0m
[0;32mI (683) app_init: ELF file SHA256:  d287c5c41...[0m
[0;32mI (687) app_init: ESP-IDF:          v5.4.1-dirty[0m
[0;32mI (691) efuse_init: Min chip rev:     v0.0[0m
[0;32mI (695) efuse_init: Max chip rev:     v0.99 [0m
[0;32mI (699) efuse_init: Chip rev:         v0.2[0m
[0;32mI (703) heap_init: Initializing. RAM available for dynamic allocation:[0m
[0;32mI (709) heap_init: At 3FC9BA88 len 0004DC88 (311 KiB): RAM[0m
[0;32mI (714) heap_init: At 3FCE9710 len 00005724 (21 KiB): RAM[0m
[0;32mI (719) heap_init: At 3FCF0000 len 00008000 (32 KiB): DRAM[0m
[0;32mI (725) heap_init: At 600FE11C len 00001ECC (7 KiB): RTCRAM[0m
[0;32mI (730) esp_psram: Adding pool of 8192K of PSRAM memory to heap allocator[0m
[0;32mI (737) spi_flash: detected chip: gd[0m
[0;32mI (740) spi_flash: flash io: dio[0m
[0;32mI (743) sleep_gpio: Configure to isolate all GPIO pins in sleep state[0m
[0;32mI (749) sleep_gpio: Enable automatic switching of GPIO sleep configuration[0m
[0;32mI (756) main_task: Started on CPU0[0m
[0;32mI (786) esp_psram: Reserving pool of 32K of internal memory for DMA/internal allocations[0m
[0;32mI (786) main_task: Calling app_main()[0m
[0;32mI (786) s3 ll_cam: DMA Channel=0[0m
[0;32mI (786) cam_hal: cam init ok[0m
[0;32mI (796) sccb-ng: pin_sda 4 pin_scl 5[0m
[0;32mI (796) sccb-ng: sccb_i2c_port=1[0m
[0;32mI (806) ov3660: Mismatch PID=0x9090[0m
[0;32mI (806) ov5640: Mismatch PID=0x9090[0m
[0;32mI (806) camera: Camera PID=0x2145 VER=0x00 MIDL=0x00 MIDH=0x00[0m
[0;32mI (806) camera: Detected GC2145 camera[0m
[0;32mI (816) camer