44:54
[0;32mI (671) app_init: ELF file SHA256:  da09f089b...[0m
[0;32mI (676) app_init: ESP-IDF:ï¿½ESP-ROM:esp32s3-20210327[0m
Build:Mar 27 2021
rst:0x1 (POWERON),boot:0x28 (SPI_FAST_FLASH_BOOT)
SPIWP:0xee
mode:DIO, clock div:1
load:0x3fce2810,len:0x15a0
load:0x403c8700,len:0x4
load:0x403c8704,len:0xd20
load:0x403cb700,len:0x2f00
entry 0x403c8928
[0;32mI (27) boot: ESP-IDF v5.4.1-dirty 2nd stage bootloader[0m
[0;32mI (27) boot: compile time Sep 10 2025 19:45:02[0m
[0;32mI (27) boot: Multicore bootloader[0m
[0;32mI (28) boot: chip revision: v0.2[0m
[0;32mI (30) boot: efuse block revision: v1.3[0m
[0;32mI (34) boot.esp32s3: Boot SPI Speed : 80MHz[0m
[0;32mI (38) boot.esp32s3: SPI Mode       : DIO[0m
[0;32mI (42) boot.esp32s3: SPI Flash Size : 8MB[0m
[0;32mI (45) boot: Enabling RNG early entropy source...[0m
[0;32mI (50) boot: Partition Table:[0m
[0;32mI (52) boot: ## Label            Usage          Type ST Offset   Length[0m
[0;32mI (59) boot:  0 nvs              WiFi data        01 02 00009000 00006000[0m
[0;32mI (65) boot:  1 phy_init         RF data          01 01 0000f000 00001000[0m
[0;32mI (72) boot:  2 factory          factory app      00 00 00010000 00100000[0m
[0;32mI (78) boot: End of partition table[0m
[0;32mI (82) esp_image: segment 0: paddr=00010020 vaddr=3c030020 size=0eda0h ( 60832) map[0m
[0;32mI (100) esp_image: segment 1: paddr=0001edc8 vaddr=3fc94600 size=01250h (  4688) load[0m
[0;32mI (101) esp_image: segment 2: paddr=00020020 vaddr=42000020 size=29498h (169112) map[0m
[0;32mI (134) esp_image: segment 3: paddr=000494c0 vaddr=3fc95850 size=04338h ( 17208) load[0m
[0;32mI (138) esp_image: segment 4: paddr=0004d800 vaddr=40374000 size=104f8h ( 66808) load[0m
[0;32mI (152) esp_image: segment 5: paddr=0005dd00 vaddr=600fe100 size=0001ch (    28) load[0m
[0;32mI (159) boot: Loaded app from partition at offset 0x10000[0m
[0;32mI (160) boot: Disabling RNG early entropy source...[0m
[0;32mI (170) octal_psram: vendor id    : 0x0d (AP)[0m
[0;32mI (170) octal_psram: dev id       : 0x02 (generation 3)[0m
[0;32mI (170) octal_psram: density      : 0x03 (64 Mbit)[0m
[0;32mI (172) octal_psram: good-die     : 0x01 (Pass)[0m
[0;32mI (177) octal_psram: Latency      : 0x01 (Fixed)[0m
[0;32mI (181) octal_psram: VCC          : 0x01 (3V)[0m
[0;32mI (185) octal_psram: SRF          : 0x01 (Fast Refresh)[0m
[0;32mI (190) octal_psram: BurstType    : 0x01 (Hybrid Wrap)[0m
[0;32mI (195) octal_psram: BurstLen     : 0x01 (32 Byte)[0m
[0;32mI (199) octal_psram: Readlatency  : 0x02 (10 cycles@Fixed)[0m
[0;32mI (205) octal_psram: DriveStrength: 0x00 (1/1)[0m
[0;32mI (209) MSPI Timing: PSRAM timing tuning index: 10[0m
[0;32mI (213) esp_psram: Found 8MB PSRAM device[0m
[0;32mI (217) esp_psram: Speed: 80MHz[0m
[0;32mI (220) cpu_start: Multicore app[0m
[0;32mI (649) esp_psram: SPI SRAM memory test OK[0m
[0;32mI (658) cpu_start: Pro cpu start user code[0m
[0;32mI (658) cpu_start: cpu freq: 160000000 Hz[0m
[0;32mI (658) app_init: Application information:[0m
[0;32mI (658) app_init: Project name:     line_detection[0m
[0;32mI (662) app_init: App version:      f22e50b[0m
[0;32mI (666) app_init: Compile time:     Sep 10 2025 19:44:54[0m
[0;32mI (671) app_init: ELF file SHA256:  da09f089b...[0m
[0;32mI (676) app_init: ESP-IDF:          v5.4.1-dirty[0m
[0;32mI (680) efuse_init: Min chip rev:     v0.0[0m
[0;32mI (684) efuse_init: Max chip rev:     v0.99 [0m
[0;32mI (688) efuse_init: Chip rev:         v0.2[0m
[0;32mI (692) heap_init: Initializing. RAM available for dynamic allocation:[0m
[0;32mI (698) heap_init: At 3FC9AD80 len 0004E990 (314 KiB): RAM[0m
[0;32mI (703) heap_init: At 3FCE9710 len 00005724 (21 KiB): RAM[0m
[0;32mI (708) heap_init: At 3FCF0000 len 00008000 (32 KiB): DRAM[0m
[0;32mI (714) heap_init: At 600FE11C len 00001ECC (7 KiB): RTCRAM[0m
[0;32mI (719) esp_psram: Adding pool of 8192K of PSRAM memory to heap allocator[0m
[0;32mI (726) spi_flash: detected chip: gd[0m
[0;32mI (729) spi_flash: flash io: dio[0m
[0;32mI (732) sleep_gpio: Configure to isolate all GPIO pins in sleep state[0m
[0;32mI (738) sleep_gpio: Enable automatic switching of GPIO sleep configuration[0m
[0;32mI (745) main_task: Started on CPU0[0m
[0;32mI (775) esp_psram: Reserving pool of 32K of internal memory for DMA/internal allocations[0m
[0;32mI (775) main_task: Calling app_main()[0m
[0;32mI (775) s3 ll_cam: DMA Channel=0[0m
[0;32mI (775) cam_hal: cam init ok[0m
[0;32mI (785) sccb-ng: pin_sda 4 pin_scl 5[0m
[0;32mI (785) sccb-ng: sccb_i2c_port=1[0m
[0;32mI (795) ov3660: Mismatch PID=0x9090[0m
[0;32mI (795) ov5640: Mismatch PID=0x9090[0m
[0;32mI (795) camera: Camera PID=0x2145 VER=0x00 MIDL=0x00 MIDH=0x00[0m
[0;32mI (795) camera: Detected GC2145 camera[0m
[0;32mI (805) camera: Detected camera at address=0x3c[0m
[0;32mI (1215) cam_hal: PSRAM DMA mode disabled[0m
[0;32mI (1215) s3 ll_cam: node_size: 3840, nodes_per_line: 1, lines_per_node: 6[0m
[0;32mI (1215) s3 ll_cam: dma_half_buffer_min:  3840, dma_half_buffer: 15360, lines_per_half_buffer: 24, dma_buffer_size: 30720[0m
[0;32mI (1225) cam_hal: buffer_size: 30720, half_buffer_size: 15360, node_buffer_size: 3840, node_cnt: 8, total_cnt: 10[0m
[0;32mI (1235) cam_hal: Allocating 76800 Byte frame buffer in PSRAM[0m
[0;32mI (1235) cam_hal: Allocating 76800 Byte frame buffer in PSRAM[0m
[0;32mI (1245) cam_hal: cam config ok[0m
[0;32mI (1245) gc2145: subsample win:640x480, ratio:0.500000[0m
[0;33mW (1255) gc2145: unsupport format[0m
[0;33mW (1255) gc2145: Unsupported[0m
[0;33mW (1255) gc2145: Unsupported[0m
[0;33mW (1255) gc2145: Unsupported[0m
[0;33mW (1255) gc2145: Unsupported[0m
[0;33mW (1265) gc2145: Unsupported[0m
[0;32mI (1265) s3 ll_cam: DMA Channel=1[0m
[0;32mI (1265) cam_hal: cam init ok[0m
[1;31mE (1275) camera: Camera probe failed with error 0x103(ESP_ERR_INVALID_STATE)[0m
[1;31mE (1275) gdma: gdma_disconnect(319): no peripheral is connected to the channel[0m
[1;31mE (1285) cam: esp_camera_init failed: ESP_ERR_INVALID_STATE[0m
ESP_ERROR_CHECK failed: esp_err_t 0x103 (ESP_ERR_INVALID_STATE) at 0x4200ad68
file: "./main/line_detection.c" line 248
func: app_main
expression: camera_init()

abort() was called at PC 0x4037b917 on core 0


Backtrace: 0x40375cf5:0x3fc9d4e0 0x4037b921:0x3fc9d500 0x403823a5:0x3fc9d520 0x4037b917:0x3fc9d590 0x4200ad68:0x3fc9d5c0 0x42028747:0x3fc9d5f0 0x4037c359:0x3fc9d620




ELF file SHA256: da09f089b

Rebooting...
ï¿½ï¿½ï¿½ESP-ROM:esp32s3-20210327
Build:Mar 27 2021
rst:0xc (RTC_SW_CPU_RST),boot:0x28 (SPI_FAST_FLASH_BOOT)
Saved PC:0x40375c35
SPIWP:0xee
mode:DIO, clock div:1
load:0x3fce2810,len:0x15a0
load:0x403c8700,len:0x4
load:0x403c8704,len:0xd20
load:0x403cb700,len:0x2f00
entry 0x403c8928
[0;32mI (31) boot: ESP-IDF v5.4.1-dirty 2nd stage bootloader[0m
[0;32mI (31) boot: compile time Sep 10 2025 19:45:02[0m
[0;32mI (31) boot: Multicore bootloader[0m
[0;32mI (32) boot: chip revision: v0.2[0m
[0;32mI (35) boot: efuse block revision: v1.3[0m
[0;32mI (38) boot.esp32s3: Boot SPI Speed : 80MHz[0m
[0;32mI (42) boot.esp32s3: SPI Mode       : DIO[0m
[0;32mI (46) boot.esp32s3: SPI Flash Size : 8MB[0m
[0;32mI (50) boot: Enabling RNG early entropy source...[0m
[0;32mI (54) boot: Partition Table:[0m
[0;32mI (57) boot: ## Label            Usage          Type ST Offset   Length[0m
[0;32mI (63) boot:  0 nvs              WiFi data        01 02 00009000 00006000[0m
[0;32mI (70) boot:  1 phy_init         RF data          01 01 0000f000 00001000[0m
[0;32mI (76) boot:  2 factory          factory app      00 00 00010000 00100000[0m
[0;32mI (83) boot: End of partition table[0m
[0;32mI (86) esp_image: segment 0: paddr=00010020 vaddr=3c030020 size=0eda0h ( 60832) map[0m
[0;32mI (104) esp_image: segment 1: paddr=0001edc8 vaddr=3fc94600 size=01250h (  4688) load[0m
[0;32mI (106) esp_image: segment 2: paddr=00020020 vaddr=42000020 size=29498h (169112) map[0m
[0;32mI (138) esp_image: segment 3: paddr=000494c0 vaddr=3fc95850 size=04338h ( 17208) load[0m
[0;32mI (142) esp_image: segment 4: paddr=0004d800 vaddr=40374000 size=104f8h ( 66808) load[0m
[0;32mI (157) esp_image: segment 5: paddr=0005dd00 vaddr=600fe100 size=0001ch (    28) load[0m
[0;32mI (164) boot: Loaded app from partition at offset 0x10000[0m
[0;32mI (164) boot: Disabling RNG early entropy source...[0m
[0;32mI (175) octal_psram: vendor id    : 0x0d (AP)[0m
[0;32mI (175) octal_psram: dev id       : 0x02 (generation 3)[0m
[0;32mI (175) octal_psram: density      : 0x03 (64 Mbit)[0m
[0;32mI (177) octal_psram: good-die     : 0x01 (Pass)[0m
[0;32mI (181) octal_psram: Latency      : 0x01 (Fixed)[0m
[0;32mI (185) octal_psram: VCC          : 0x01 (3V)[0m
[0;32mI (189) octal_psram: SRF          : 0x01 (Fast Refresh)[0m
[0;32mI (194) octal_psram: BurstType    : 0x01 (Hybrid Wrap)[0m
[0;32mI (199) octal_psram: BurstLen     : 0x01 (32 Byte)[0m
[0;32mI (204) octal_psram: Readlatency  : 0x02 (10 cycles@Fixed)[0m
[0;32mI (209) octal_psram: DriveStrength: 0x00 (1/1)[0m
[0;32mI (214) MSPI Timing: PSRAM timing tuning index: 4[0m
[0;32mI (218) esp_psram: Found 8MB PSRAM device[0m
[0;32mI (221) esp_psram: Speed: 80MHz[0m
[0;32mI (224) cpu_start: Multicore app[0m
[0;32mI (653) esp_psram: SPI SRAM memory test OK[0m
[0;32mI (662) cpu_start: Pro cpu start user code[0m
[0;32mI (662) cpu_start: cpu freq: 160000000 Hz[0m
[0;32mI (662) app_init: Application information:[0m
[0;32mI (662) app_init: Project name:     line_detection[0m
[0;32mI (667) app_init: App version:      f22e50b[0m
[0;32mI (671) app_init: Compile time:     Sep 10 2025 19:44:54[0m
[0;32mI (676) app_init: ELF file SHA256:  da09f089b...[0m
[0;32mI (680) app_init: ESP-IDF:          v5.4.1-dirty[0m
[0;32mI (684) efuse_init: Min chip rev:     v0.0[0m
[0;32mI (688) efuse_init: Max chip rev:     v0.99 [0m
[0;32mI (692) efuse_init: Chip rev:         v0.2[0m
[0;32mI (696) heap_init: Initializing. RAM available for dynamic allocation:[0m
[0;32mI (702) heap_init: At 3FC9AD80 len 0004E990 (314 KiB): RAM[0m
[0;32mI (708) heap_init: At 3FCE9710 len 00005724 (21 KiB): RAM[0m
[0;32mI (713) heap_init: At 3FCF0000 len 00008000 (32 KiB): DRAM[0m
[0;32mI (718) heap_init: At 600FE11C len 00001ECC (7 KiB): RTCRAM[0m
[0;32mI (723) esp_psram: Adding pool of 8192K of PSRAM memory to heap allocator[0m
[0;32mI (731) spi_flash: detected chip: gd[0m
[0;32mI (733) spi_flash: flash io: dio[0m
[0;32mI (736) sleep_gpio: Configure to isolate all GPIO pins in sleep state[0m
[0;32mI (742) sleep_gpio: Enable automatic switching of GPIO sleep configuration[0m
[0;32mI (749) main_task: Started on CPU0[0m
[0;32mI (779) esp_psram: Reserving pool of 32K of internal memory for DMA/internal allocations[0m
[0;32mI (779) main_task: Calling app_main()[0m
[0;32mI (779) s3 ll_cam: DMA Channel=0[0m
[0;32mI (779) cam_hal: cam init ok[0m
[0;32mI (789) sccb-ng: pin_sda 4 pin_scl 5[0m
[0;32mI (789) sccb-ng: sccb_i2c_port=1[0m
[0;32mI (799) ov3660: Mismatch PID=0x9090[0m
[0;32mI (799) ov5640: Mismatch PID=0x9090[0m
[0;32mI (799) camera: Camera PID=0x2145 VER=0x00 MIDL=0x00 MIDH=0x00[0m
[0;32mI (799) camera: Detected GC2145 camera[0m
[0;32mI (809) camera: Detected camera at address=0x3c[0m
[0;32mI (1219) cam_hal: PSRAM DMA mode disabled[0m
[0;32mI (1219) s3 ll_cam: node_size: 3840, nodes_per_line: 1, lines_per_node: 6[0m
[0;32mI (1219) s3 ll_cam: dma_half_buffer_min:  3840, dma_half_buffer: 15360, lines_per_half_buffer: 24, dma_buffer_size: 30720[0m
[0;32mI (1229) cam_hal: buffer_size: 30720, half_buffer_size: 15360, node_buffer_size: 3840, node_cnt: 8, total_cnt: 10[0m
[0;32mI (1239) cam_hal: Allocating 76800 Byte frame buffer in PSRAM[0m
[0;32mI (1239) cam_hal: Allocating 76800 Byte frame buffer in PSRAM[0m
[0;32mI (1249) cam_hal: cam config ok[0m
[0;32mI (1249) gc2145: subsample win:640x480, ratio:0.500000[0m
[0;33mW (1259) gc2145: unsupport format[0m
[0;33mW (1259) gc2145: Unsupported[0m
[0;33mW (1259) gc2145: Unsupported[0m
[0;33mW (1259) gc2145: Unsupported[0m
[0;33mW (1259) gc2145: Unsupported[0m
[0;33mW (1269) gc2145: Unsupported[0m
[0;32mI (1269) s3 ll_cam: DMA Channel=1[0m
[0;32mI (1269) cam_hal: cam init ok[0m
[1;31mE (1279) camera: Camera probe failed with error 0x103(ESP_ERR_INVALID_STATE)[0m
[1;31mE (1279) gdma: gdma_disconnect(319): no peripheral is connected to the channel[0m
[1;31mE (1289) cam: esp_camera_init failed: ESP_ERR_INVALID_STATE[0m
ESP_ERROR_CHECK failed: esp_err_t 0x103 (ESP_ERR_INVALID_STATE) at 0x4200ad68
file: "./main/line_detection.c" line 248
func: app_main
expression: camera_init()

abort() was called at PC 0x4037b917 on core 0


Backtrace: 0x40375cf5:0x3fc9d4e0 0x4037b921:0x3fc9d500 0x403823a5:0x3fc9d520 0x4037b917:0x3fc9d590 0x4200ad68:0x3fc9d5c0 0x42028747:0x3fc9d5f0 0x4037c359:0x3fc9d620




ELF file SHA256: da09f089b

Rebooting...
ESP-ROM:esp32s3-20210327
Build:Mar 27 2021
rst:0xc (RTC_SW_CPU_RST),boot:0x28 (SPI_FAST_FLASH_BOOT)
Saved PC:0x40375c35
SPIWP:0xee
mode:DIO, clock div:1
load:0x3fce2810,len:0x15a0
load:0x403c8700,len:0x4
load:0x403c8704,len:0xd20
load:0x403cb700,len:0x2f00
entry 0x403c8928
[0;32mI (31) boot: ESP-IDF v5.4.1-dirty 2nd stage bootloader[0m
[0;32mI (31) boot: compile time Sep 10 2025 19:45:02[0m
[0;32mI (31) boot: Multicore bootloader[0m
[0;32mI (32) boot: chip revision: v0.2[0m
[0;32mI (35) boot: efuse block revision: v1.3[0m
[0;32mI (38) boot.esp32s3: Boot SPI Speed : 80MHz[0m
[0;32mI (42) boot.esp32s3: SPI Mode       : DIO[0m
[0;32mI (46) boot.esp32s3: SPI Flash Size : 8MB[0m
[0;32mI (50) boot: Enabling RNG early entropy source...[0m
[0;32mI (54) boot: Partition Table:[0m
[0;32mI (57) boot: ## Label            Usage          Type ST Offset   Length[0m
[0;32mI (63) boot:  0 nvs              WiFi data        01 02 00009000 00006000[0m
[0;32mI (70) boot:  1 phy_init         RF data          01 01 0000f000 00001000[0m
[0;32mI (76) boot:  2 factory          factory app      00 00 00010000 00100000[0m
[0;32mI (83) boot: End of partition table[0m
[0;32mI (86) esp_image: segment 0: paddr=00010020 vaddr=3c030020 size=0eda0h ( 60832) map[0m
[0;32mI (104) esp_image: segment 1: paddr=0001edc8 vaddr=3fc94600 size=01250h (  4688) load[0m
[0;32mI (106) esp_image: segment 2: paddr=00020020 vaddr=42000020 size=29498h (169112) map[0m
[0;32mI (138) esp_image: segment 3: paddr=000494c0 vaddr=3fc95850 size=04338h ( 17208) load[0m
[0;32mI (142) esp_image: segment 4: paddr=0004d800 vaddr=40374000 size=104f8h ( 66808) load[0m
[0;32mI (157) esp_image: segment 5: paddr=0005dd00 vaddr=600fe100 size=0001ch (    28) load[0m
[0;32mI (164) boot: Loaded app from partition at offset 0x10000[0m
[0;32mI (164) boot: Disabling RNG early entropy source...[0m
[0;32mI (175) octal_psram: vendor id    : 0x0d (AP)[0m
[0;32mI (175) octal_psram: dev id       : 0x02 (generation 3)[0m
[0;32mI (175) octal_psram: density      : 0x03 (64 Mbit)[0m
[0;32mI (177) octal_psram: good-die     : 0x01 (Pass)[0m
[0;32mI (181) octal_psram: Latency      : 0x01 (Fixed)[0m
[0;32mI (185) octal_psram: VCC          : 0x01 (3V)[0m
[0;32mI (189) octal_psram: SRF          : 0x01 (Fast Refresh)[0m
[0;32mI (194) octal_psram: BurstType    : 0x01 (Hybrid Wrap)[0m
[0;32mI (199) octal_psram: BurstLen     : 0x01 (32 Byte)[0m
[0;32mI (204) octal_psram: Readlatency  : 0x02 (10 cycles@Fixed)[0m
[0;32mI (209) octal_psram: DriveStrength: 0x00 (1/1)[0m
[0;32mI (214) MSPI Timing: PSRAM timing tuning index: 5[0m
[0;32mI (218) esp_psram: Found 8MB PSRAM device[0m
[0;32mI (221) esp_psram: Speed: 80MHz[0m
[0;32mI (224) cpu_start: Multicore app[0m
[0;32mI (660) esp_psram: SPI SRAM memory test OK[0m
[0;32mI (669) cpu_start: Pro cpu start user code[0m
[0;32mI (669) cpu_start: cpu freq: 160000000 Hz[0m
[0;32mI (669) app_init: Application information:[0m
[0;32mI (669) app_init: Project name:     line_detection[0m
[0;32mI (673) app_init: App version:      f22e50b[0m
[0;32mI (677) app_init: Compile time:     Sep 10 2025 19:44:54[0m
[0;32mI (682) app_init: ELF file SHA256:  da09f089b...[0m
[0;32mI (687) app_init: ESP-IDF:          v5.4.1-dirty[0m
[0;32mI (691) efuse_init: Min chip rev:     v0.0[0m
[0;32mI (695) efuse_init: Max chip rev:     v0.99 [0m
[0;32mI (699) efuse_init: Chip rev:         v0.2[0m
[0;32mI (703) heap_init: Initializing. RAM available for dynamic allocation:[0m
[0;32mI (709) heap_init: At 3FC9AD80 len 0004E990 (314 KiB): RAM[0m
[0;32mI (714) heap_init: At 3FCE9710 len 00005724 (21 KiB): RAM[0m
[0;32mI (719) heap_init: At 3FCF0000 len 00008000 (32 KiB): DRAM[0m
[0;32mI (724) heap_init: At 600FE11C len 00001ECC (7 KiB): RTCRAM[0m
[0;32mI (730) esp_psram: Adding pool of 8192K of PSRAM memory to heap allocator[0m
[0;32mI (737) spi_flash: detected chip: gd[0m
[0;32mI (740) spi_flash: flash io: dio[0m
[0;32mI (743) sleep_gpio: Configure to isolate all GPIO pins in sleep state[0m
[0;32mI (749) sleep_gpio: Enable automatic switching of GPIO sleep configuration[0m
[0;32mI (756) main_task: Started on CPU0[0m
[0;32mI (786) esp_psram: Reserving pool of 32K of internal memory for DMA/internal allocations[0m
[0;32mI (786) main_task: Calling app_main()[0m
[0;32mI (786) s3 ll_cam: DMA Channel=0[0m
[0;32mI (786) cam_hal: cam init ok[0m
[0;32mI (796) sccb-ng: pin_sda 4 pin_scl 5[0m
[0;32mI (796) sccb-ng: sccb_i2c_port=1[0m
[0;32mI (806) ov3660: Mismatch PID=0x9090[0m
[0;32mI (806) ov5640: Mismatch PID=0x9090[0m
[0;32mI (806) camera: Camera PID=0x2145 VER=0x00 MIDL=0x00 MIDH=0x00[0m
[0;32mI (806) camera: Detected GC2145 camera[0m
[0;32mI (816) camera: Detected camera at address=0x3c[0m
[0;32mI (1226) cam_hal: PSRAM DMA mode disabled[0m
[0;32mI (1226) s3 ll_cam: node_size: 3840, nodes_per_line: 1, lines_per_node: 6[0m
[0;32mI (1226) s3 ll_cam: dma_half_buffer_min:  3840, dma_half_buffer: 15360, lines_per_half_buffer: 24, dma_buffer_size: 30720[0m
[0;32mI (1236) cam_hal: buffer_size: 30720, half_buffer_size: 15360, node_buffer_size: 3840, node_cnt: 8, total_cnt: 10[0m
[0;32mI (1246) cam_hal: Allocating 76800 Byte frame buffer in PSRAM[0m
[0;32mI (1246) cam_hal: Allocating 76800 Byte frame buffer in PSRAM[0m
[0;32mI (1256) cam_hal: cam config ok[0m
[0;32mI (1256) gc2145: subsample win:640x480, ratio:0.500000[0m
[0;33mW (1266) gc2145: unsupport format[0m
[0;33mW (1266) gc2145: Unsupported[0m
[0;33mW (1266) gc2145: Unsupported[0m
[0;33mW (1266) gc2145: Unsupported[0m
[0;33mW (1266) gc2145: Unsupported[0m
[0;33mW (1276) gc2145: Unsupported[0m
[0;32mI (1276) s3 ll_cam: DMA Channel=1[0m
[0;32mI (1276) cam_hal: cam init ok[0m
[1;31mE (1286) camera: Camera probe failed with error 0x103(ESP_ERR_INVALID_STATE)[0m
[1;31mE (1286) gdma: gdma_disconnect(319): no peripheral is connected to the channel[0m
[1;31mE (1296) cam: esp_camera_init failed: ESP_ERR_INVALID_STATE[0m
ESP_ERROR_CHECK failed: esp_err_t 0x103 (ESP_ERR_INVALID_STATE) at 0x4200ad68
file: "./main/line_detection.c" line 248
func: app_main
expression: camera_init()

abort() was called at PC 0x4037b917 on core 0


Backtrace: 0x40375cf5:0x3fc9d4e0 0x4037b921:0x3fc9d500 0x403823a5:0x3fc9d520 0x4037b917:0x3fc9d590 0x4200ad68:0x3fc9d5c0 0x42028747:0x3fc9d5f0 0x4037c359:0x3fc9d620




ELF file SHA256: da09f089b

Rebooting...
ESP-ROM:esp32s3-20210327
Build:Mar 27 2021
rst:0xc (RTC_SW_CPU_RST),boot:0x28 (SPI_FAST_FLASH_BOOT)
Saved PC:0x40375c35
SPIWP:0xee
mode:DIO, clock div:1
load:0x3fce2810,len:0x15a0
load:0x403c8700,len:0x4
load:0x403c8704,len:0xd20
load:0x403cb700,len:0x2f00
entry 0x403c8928
[0;32mI (31) boot: ESP-IDF v5.4.1-dirty 2nd stage bootloader[0m
[0;32mI (31) boot: compile time Sep 10 2025 19:45:02[0m
[0;32mI (31) boot: Multicore bootloader[0m
[0;32mI (32) boot: chip revision: v0.2[0m
[0;32mI (35) boot: efuse block revision: v1.3[0m
[0;32mI (38) boot.esp32s3: Boot SPI Speed : 80MHz[0m
[0;32mI (42) boot.esp32s3: SPI Mode       : DIO[0m
[0;32mI (46) boot.esp32s3: SPI Flash Size : 8MB[0m
[0;32mI (50) boot: Enabling RNG early entropy source...[0m
[0;32mI (54) boot: Partition Table:[0m
[0;32mI (57) boot: ## Label            Usage          Type ST Offset   Length[0m
[0;32mI (63) boot:  0 nvs              WiFi data        01 02 00009000 00006000[0m
[0;32mI (70) boot:  1 phy_init         RF data          01 01 0000f000 00001000[0m
[0;32mI (76) boot:  2 factory          factory app      00 00 00010000 00100000[0m
[0;32mI (83) boot: End of partition table[0m
[0;32mI (86) esp_image: segment 0: paddr=00010020 vaddr=3c030020 size=0eda0h ( 60832) map[0m
[0;32mI (104) esp_image: segment 1: paddr=0001edc8 vaddr=3fc94600 size=01250h (  4688) load[0m
[0;32mI (106) esp_image: segment 2: paddr=00020020 vaddr=42000020 size=29498h (169112) map[0m
[0;32mI (138) esp_image: segment 3: paddr=000494c0 vaddr=3fc95850 size=04338h ( 17208) load[0m
[0;32mI (142) esp_image: segment 4: paddr=0004d800 vaddr=40374000 size=104f8h ( 66808) load[0m
[0;32mI (157) esp_image: segment 5: paddr=0005dd00 vaddr=600fe100 size=0001ch (    28) load[0m
[0;32mI (164) boot: Loaded app from partition at offset 0x10000[0m
[0;32mI (164) boot: Disabling RNG early entropy source...[0m
[0;32mI (175) octal_psram: vendor id    : 0x0d (AP)[0m
[0;32mI (175) octal_psram: dev id       : 0x02 (generation 3)[0m
[0;32mI (175) octal_psram: density      : 0x03 (64 Mbit)[0m
[0;32mI (177) octal_psram: good-die     : 0x01 (Pass)[0m
[0;32mI (181) octal_psram: Latency      : 0x01 (Fixed)[0m
[0;32mI (185) octal_psram: VCC          : 0x01 (3V)[0m
[0;32mI (189) octal_psram: SRF          : 0x01 (Fast Refresh)[0m
[0;32mI (194) octal_psram: BurstType    : 0x01 (Hybrid Wrap)[0m
[0;32mI (199) octal_psram: BurstLen     : 0x01 (32 Byte)[0m
[0;32mI (204) octal_psram: Readlatency  : 0x02 (10 cycles@Fixed)[0m
[0;32mI (209) octal_psram: DriveStrength: 0x00 (1/1)[0m
[0;32mI (214) MSPI Timing: PSRAM timing tuning index: 4[0m
[0;32mI (218) esp_psram: Found 8MB PSRAM device[0m
[0;32mI (221) esp_psram: Speed: 80MHz[0m
[0;32mI (224) cpu_start: Multicore app[0m
[0;32mI (653) esp_psram: SPI SRAM memory test OK[0m
[0;32mI (662) cpu_start: Pro cpu start user code[0m
[0;32mI (662) cpu_start: cpu freq: 160000000 Hz[0m
[0;32mI (662) app_init: Application information:[0m
[0;32mI (662) app_init: Project name:     line_detection[0m
[0;32mI (667) app_init: App version:      f22e50b[0m
[0;32mI (671) app_init: Compile time:     Sep 10 2025 19:44:54[0m
[0;32mI (676) app_init: ELF file SHA256:  da09f089b...[0m
[0;32mI (680) app_init: ESP-IDF:          v5.4.1-dirty[0m
[0;32mI (684) efuse_init: Min chip rev:     v0.0[0m
[0;32mI (688) efuse_init: Max chip rev:     v0.99 [0m
[0;32mI (692) efuse_init: Chip rev:         v0.2[0m
[0;32mI (696) heap_init: Initializing. RAM available for dynamic allocation:[0m
[0;32mI (702) heap_init: At 3FC9AD80 len 0004E990 (314 KiB): RAM[0m
[0;32mI (708) heap_init: At 3FCE9710 len 00005724 (21 KiB): RAM[0m
[0;32mI (713) heap_init: At 3FCF0000 len 00008000 (32 KiB): DRAM[0m
[0;32mI (718) heap_init: At 600FE11C len 00001ECC (7 KiB): RTCRAM[0m
[0;32mI (723) esp_psram: Adding pool of 8192K of PSRAM memory to heap allocator[0m
[0;32mI (731) spi_flash: detected chip: gd[0m
[0;32mI (733) spi_flash: flash io: dio[0m
[0;32mI (736) sleep_gpio: Configure to isolate all GPIO pins in sleep state[0m
[0;32mI (742) sleep_gpio: Enable automatic switching of GPIO sleep configuration[0m
[0;32mI (749) main_task: Started on CPU0[0m
[0;32mI (779) esp_psram: Reserving pool of 32K of internal memory for DMA/internal allocations[0m
[0;32mI (779) main_task: Calling app_main()[0m
[0;32mI (779) s3 ll_cam: DMA Channel=0[0m
[0;32mI (779) cam_hal: cam init ok[0m
[0;32mI (789) sccb-ng: pin_sda 4 pin_scl 5[0m
[0;32mI (789) sccb-ng: sccb_i2c_port=1[0m
[0;32mI (799) ov3660: Mismatch PID=0x9090[0m
[0;32mI (799) ov5640: Mismatch PID=0x9090[0m
[0;32mI (799) camera: Camera PID=0x2145 VER=0x00 MIDL=0x00 MIDH=0x00[0m
[0;32mI (799) camera: Detected GC2145 camera[0m
[0;32mI (809) camera: Detected camera at address=0x3c[0m
[0;32mI (1219) cam_hal: PSRAM DMA mode disabled[0m
[0;32mI (1219) s3 ll_cam: node_size: 3840, nodes_per_line: 1, lines_per_node: 6[0m
[0;32mI (1219) s3 ll_cam: dma_half_buffer_min:  3840, dma_half_buffer: 15360, lines_per_half_buffer: 24, dma_buffer_size: 30720[0m
[0;32mI (1229) cam_hal: buffer_size: 30720, half_buffer_size: 15360, node_buffer_size: 3840, node_cnt: 8, total_cnt: 10[0m
[0;32mI (1239) cam_hal: Allocating 76800 Byte frame buffer in PSRAM[0m
[0;32mI (1239) cam_hal: Allocating 76800 Byte frame buffer in PSRAM[0m
[0;32mI (1249) cam_hal: cam config ok[0m
[0;32mI (1249) gc2145: subsample win:640x480, ratio:0.500000[0m
[0;33mW (1259) gc2145: unsupport format[0m
[0;33mW (1259) gc2145: Unsupported[0m
[0;33mW (1259) gc2145: Unsupported[0m
[0;33mW (1259) gc2145: Unsupported[0m
[0;33mW (1259) gc2145: Unsupported[0m
[0;33mW (1269) gc2145: Unsupported[0m
[0;32mI (1269) s3 ll_cam: DMA Channel=1[0m
[0;32mI (1269) cam_hal: cam init ok[0m
[1;31mE (1279) camera: Camera probe failed with error 0x103(ESP_ERR_INVALID_STATE)[0m
[1;31mE (1279) gdma: gdma_disconnect(319): no peripheral is connected to the channel[0m
[1;31mE (1289) cam: esp_camera_init failed: ESP_ERR_INVALID_STATE[0m
ESP_ERROR_CHECK failed: esp_err_t 0x103 (ESP_ERR_INVALID_STATE) at 0x4200ad68
file: "./main/line_detection.c" line 248
func: app_main
expression: camera_init()

abort() was called at PC 0x4037b917 on core 0


Backtrace: 0x40375cf5:0x3fc9d4e0 0x4037b921:0x3fc9d500 0x403823a5:0x3fc9d520 0x4037b917:0x3fc9d590 0x4200ad68:0x3fc9d5c0 0x42028747:0x3fc9d5f0 0x4037c359:0x3fc9d620




ELF file SHA256: da09f089b

Rebooting...
ESP-ROM:esp32s3-20210327
Build:Mar 27 2021
rst:0xc (RTC_SW_CPU_RST),boot:0x28 (SPI_FAST_FLASH_BOOT)
Saved PC:0x40375c35
SPIWP:0xee
mode:DIO, clock div:1
load:0x3fce2810,len:0x15a0
load:0x403c8700,len:0x4
load:0x403c8704,len:0xd20
load:0x403cb700,len:0x2f00
entry 0x403c8928
[0;32mI (31) boot: ESP-IDF v5.4.1-dirty 2nd stage bootloader[0m
[0;32mI (31) boot: compile time Sep 10 2025 19:45:02[0m
[0;32mI (31) boot: Multicore bootloader[0m
[0;32mI (32) boot: chip revision: v0.2[0m
[0;32mI (35) boot: efuse block revision: v1.3[0m
[0;32mI (38) boot.esp32s3: Boot SPI Speed : 80MHz[0m
[0;32mI (42) boot.esp32s3: SPI Mode       : DIO[0m
[0;32mI (46) boot.esp32s3: SPI Flash Size : 8MB[0m
[0;32mI (50) boot: Enabling RNG early entropy source...[0m
[0;32mI (54) boot: Partition Table:[0m
[0;32mI (57) boot: ## Label            Usage          Type ST Offset   Length[0m
[0;32mI (63) boot:  0 nvs              WiFi data        01 02 00009000 00006000[0m
[0;32mI (70) boot:  1 phy_init         RF data          01 01 0000f000 00001000[0m
[0;32mI (76) boot:  2 factory          factory app      00 00 00010000 00100000[0m
[0;32mI (83) boot: End of partition table[0m
[0;32mI (86) esp_image: segment 0: paddr=00010020 vaddr=3c030020 size=0eda0h ( 60832) map[0m
[0;32mI (104) esp_image: segment 1: paddr=0001edc8 vaddr=3fc94600 size=01250h (  4688) load[0m
[0;32mI (106) esp_image: segment 2: paddr=00020020 vaddr=42000020 size=29498h (169112) map[0m
[0;32mI (138) esp_image: segment 3: paddr=000494c0 vaddr=3fc95850 size=04338h ( 17208) load[0m
[0;32mI (142) esp_image: segment 4: paddr=0004d800 vaddr=40374000 size=104f8h ( 66808) load[0m
[0;32mI (157) esp_image: segment 5: paddr=0005dd00 vaddr=600fe100 size=0001ch (    28) load[0m
[0;32mI (164) boot: Loaded app from partition at offset 0x10000[0m
[0;32mI (164) boot: Disabling RNG early entropy source...[0m
[0;32mI (175) octal_psram: vendor id    : 0x0d (AP)[0m
[0;32mI (175) octal_psram: dev id       : 0x02 (generation 3)[0m
[0;32mI (175) octal_psram: density      : 0x03 (64 Mbit)[0m
[0;32mI (177) octal_psram: good-die     : 0x01 (Pass)[0m
[0;32mI (181) octal_psram: Latency      : 0x01 (Fixed)[0m
[0;32mI (185) octal_psram: VCC          : 0x01 (3V)[0m
[0;32mI (189) octal_psram: SRF          : 0x01 (Fast Refresh)[0m
[0;32mI (194) octal_psram: BurstType    : 0x01 (Hybrid Wrap)[0m
[0;32mI (199) octal_psram: BurstLen     : 0x01 (32 Byte)[0m
[0;32mI (204) octal_psram: Readlatency  : 0x02 (10 cycles@Fixed)[0m
[0;32mI (209) octal_psram: DriveStrength: 0x00 (1/1)[0m
[0;32mI (214) MSPI Timing: PSRAM timing tuning index: 4[0m
[0;32mI (218) esp_psram: Found 8MB PSRAM device[0m
[0;32mI (221) esp_psram: Speed: 80MHz[0m
[0;32mI (224) cpu_start: Multicore app[0m
[0;32mI (653) esp_psram: SPI SRAM memory test OK[0m
[0;32mI (662) cpu_start: Pro cpu start user code[0m
[0;32mI (662) cpu_start: cpu freq: 160000000 Hz[0m
[0;32mI (662) app_init: Application information:[0m
[0;32mI (662) app_init: Project name:     line_detection[0m
[0;32mI (667) app_init: App version:      f22e50b[0m
[0;32mI (671) app_init: Compile time:     Sep 10 2025 19:44:54[0m
[0;32mI (676) app_init: ELF file SHA256:  da09f089b...[0m
[0;32mI (680) app_init: ESP-IDF:          v5.4.1-dirty[0m
[0;32mI (684) efuse_init: Min chip rev:     v0.0[0m
[0;32mI (688) efuse_init: Max chip rev:     v0.99 [0m
[0;32mI (692) efuse_init: Chip rev:         v0.2[0m
[0;32mI (696) heap_init: Initializing. RAM available for dynamic allocation:[0m
[0;32mI (702) heap_init: At 3FC9AD80 len 0004E990 (314 KiB): RAM[0m
[0;32mI (708) heap_init: At 3FCE9710 len 00005724 (21 KiB): RAM[0m
[0;32mI (713) heap_init: At 3FCF0000 len 00008000 (32 KiB): DRAM[0m
[0;32mI (718) heap_init: At 600FE11C len 00001ECC (7 KiB): RTCRAM[0m
[0;32mI (723) esp_psram: Adding pool of 8192K of PSRAM memory to heap allocator[0m
[0;32mI (731) spi_flash: detected chip: gd[0m
[0;32mI (733) spi_flash: flash io: dio[0m
[0;32mI (736) sleep_gpio: Configure to isolate all GPIO pins in sleep state[0m
[0;32mI (742) sleep_gpio: Enable automatic switching of GPIO sleep configuration[0m
[0;32mI (749) main_task: Started on CPU0[0m
[0;32mI (779) esp_psram: Reserving pool of 32K of internal memory for DMA/internal allocations[0m
[0;32mI (779) main_task: Calling app_main()[0m
[0;32mI (779) s3 ll_cam: DMA Channel=0[0m
[0;32mI (779) cam_hal: cam init ok[0m
[0;32mI (789) sccb-ng: pin_sda 4 pin_scl 5[0m
[0;32mI (789) sccb-ng: sccb_i2c_port=1[0m
[0;32mI (799) ov3660: Mismatch PID=0x9090[0m
[0;32mI (799) ov5640: Mismatch PID=0x9090[0m
[0;32mI (799) camera: Camera PID=0x2145 VER=0x00 MIDL=0x00 MIDH=0x00[0m
[0;32mI (799) camera: Detected GC2145 camera[0m
[0;32mI (809) camera: Detected camera at address=0x3c[0m
[0;32mI (1219) cam_hal: PSRAM DMA mode disabled[0m
[0;32mI (1219) s3 ll_cam: node_size: 3840, nodes_per_line: 1, lines_per_node: 6[0m
[0;32mI (1219) s3 ll_cam: dma_half_buffer_min:  3840, dma_half_buffer: 15360, lines_per_half_buffer: 24, dma_buffer_size: 30720[0m
[0;32mI (1229) cam_hal: buffer_size: 30720, half_buffer_size: 15360, node_buffer_size: 3840, node_cnt: 8, total_cnt: 10[0m
[0;32mI (1239) cam_hal: Allocating 76800 Byte frame buffer in PSRAM[0m
[0;32mI (1239) cam_hal: Allocating 76800 Byte frame buffer in PSRAM[0m
[0;32mI (1249) cam_hal: cam config ok[0m
[0;32mI (1249) gc2145: subsample win:640x480, ratio:0.500000[0m
[0;33mW (1259) gc2145: unsupport format[0m
[0;33mW (1259) gc2145: Unsupported[0m
[0;33mW (1259) gc2145: Unsupported[0m
[0;33mW (1259) gc2145: Unsupported[0m
[0;33mW (1259) gc2145: Unsupported[0m
[0;33mW (1269) gc2145: Unsupported[0m
[0;32mI (1269) s3 ll_cam: DMA Channel=1[0m
[0;32mI (1269) cam_hal: cam init ok[0m
[1;31mE (1279) camera: Camera probe failed with error 0x103(ESP_ERR_INVALID_STATE)[0m
[1;31mE (1279) gdma: gdma_disconnect(319): no peripheral is connected to the channel[0m
[1;31mE (1289) cam: esp_camera_init failed: ESP_ERR_INVALID_STATE[0m
ESP_ERROR_CHECK failed: esp_err_t 0x103 (ESP_ERR_INVALID_STATE) at 0x4200ad68
file: "./main/line_detection.c" line 248
func: app_main
expression: camera_init()

abort() was called at PC 0x4037b917 on core 0


Backtrace: 0x40375cf5:0x3fc9d4e0 0x4037b921:0x3fc9d500 0x403823a5:0x3fc9d520 0x4037b917:0x3fc9d590 0x4200ad68:0x3fc9d5c0 0x42028747:0x3fc9d5f0 0x4037c359:0x3fc9d620




ELF file SHA256: da09f089b

Rebooting...
ESP-ROM:esp32s3-20210327
Build:Mar 27 2021
rst:0xc (RTC_SW_CPU_RST),boot:0x28 (SPI_FAST_FLASH_BOOT)
Saved PC:0x40375c35
SPIWP:0xee
mode:DIO, clock div:1
load:0x3fce2810,len:0x15a0
load:0x403c8700,len:0x4
load:0x403c8704,len:0xd20
load:0x403cb700,len:0x2f00
entry 0x403c8928
[0;32mI (31) boot: ESP-IDF v5.4.1-dirty 2nd stage bootloader[0m
[0;32mI (31) boot: compile time Sep 10 2025 19:45:02[0m
[0;32mI (31) boot: Multicore bootloader[0m
[0;32mI (32) boot: chip revision: v0.2[0m
[0;32mI (35) boot: efuse block revision: v1.3[0m
[0;32mI (38) boot.esp32s3: Boot SPI Speed : 80MHz[0m
[0;32mI (42) boot.esp32s3: SPI Mode       : DIO[0m
[0;32mI (46) boot.esp32s3: SPI Flash Size : 8MB[0m
[0;32mI (50) boot: Enabling RNG early entropy source...[0m
[0;32mI (54) boot: Partition Table:[0m
[0;32mI (57) boot: ## Label            Usage          Type ST Offset   Length[0m
[0;32mI (63) boot:  0 nvs              WiFi data        01 02 00009000 00006000[0m
[0;32mI (70) boot:  1 phy_init         RF data          01 01 0000f000 00001000[0m
[0;32mI (76) boot:  2 factory          factory app      00 00 00010000 00100000[0m
[0;32mI (83) boot: End of partition table[0m
[0;32mI (86) esp_image: segment 0: paddr=00010020 vaddr=3c030020 size=0eda0h ( 60832) map[0m
[0;32mI (104) esp_image: segment 1: paddr=0001edc8 vaddr=3fc94600 size=01250h (  4688) load[0m
[0;32mI (106) esp_image: segment 2: paddr=00020020 vaddr=42000020 size=29498h (169112) map[0m
[0;32mI (138) esp_image: segment 3: paddr=000494c0 vaddr=3fc95850 size=04338h ( 17208) load[0m
[0;32mI (142) esp_image: segment 4: paddr=0004d800 vaddr=40374000 size=104f8h ( 66808) load[0m
[0;32mI (157) esp_image: segment 5: paddr=0005dd00 vaddr=600fe100 size=0001ch (    28) load[0m
[0;32mI (164) boot: Loaded app from partition at offset 0x10000[0m
[0;32mI (164) boot: Disabling RNG early entropy source...[0m
[0;32mI (175) octal_psram: vendor id    : 0x0d (AP)[0m
[0;32mI (175) octal_psram: dev id       : 0x02 (generation 3)[0m
[0;32mI (175) octal_psram: density      : 0x03 (64 Mbit)[0m
[0;32mI (177) octal_psram: good-die     : 0x01 (Pass)[0m
[0;32mI (181) octal_psram: Latency      : 0x01 (Fixed)[0m
[0;32mI (185) octal_psram: VCC          : 0x01 (3V)[0m
[0;32mI (189) octal_psram: SRF          : 0x01 (Fast Refresh)[0m
[0;32mI (194) octal_psram: BurstType    : 0x01 (Hybrid Wrap)[0m
[0;32mI (199) octal_psram: BurstLen     : 0x01 (32 Byte)[0m
[0;32mI (204) octal_psram: Readlatency  : 0x02 (10 cycles@Fixed)[0m
[0;32mI (209) octal_psram: DriveStrength: 0x00 (1/1)[0m
[0;32mI (214) MSPI Timing: PSRAM timing tuning index: 5[0m
[0;32mI (218) esp_psram: Found 8MB PSRAM device[0m
[0;32mI (221) esp_psram: Speed: 80MHz[0m
[0;32mI (224) cpu_start: Multicore app[0m
[0;32mI (660) esp_psram: SPI SRAM memory test OK[0m
[0;32mI (669) cpu_start: Pro cpu start user code[0m
[0;32mI (669) cpu_start: cpu freq: 160000000 Hz[0m
[0;32mI (669) app_init: Application information:[0m
[0;32mI (669) app_init: Project name:     line_detection[0m
[0;32mI (673) app_init: App version:      f22e50b[0m
[0;32mI (677) app_init: Compile time:     Sep 10 2025 19:44:54[0m
[0;32mI (682) app_init: ELF file SHA256:  da09f089b...[0m
[0;32mI (687) app_init: ESP-IDF:          v5.4.1-dirty[0m
[0;32mI (691) efuse_init: Min chip rev:     v0.0[0m
[0;32mI (695) efuse_init: Max chip rev:     v0.99 [0m
[0;32mI (699) efuse_init: Chip rev:         v0.2[0m
[0;32mI (703) heap_init: Initializing. RAM available for dynamic allocation:[0m
[0;32mI (709) heap_init: At 3FC9AD80 len 0004E990 (314 KiB): RAM[0m
[0;32mI (714) heap_init: At 3FCE9710 len 00005724 (21 KiB): RAM[0m
[0;32mI (719) heap_init: At 3FCF0000 len 00008000 (32 KiB): DRAM[0m
[0;32mI (724) heap_init: At 600FE11C len 00001ECC (7 KiB): RTCRAM[0m
[0;32mI (730) esp_psram: Adding pool of 8192K of PSRAM memory to heap allocator[0m
[0;32mI (737) spi_flash: detected chip: gd[0m
[0;32mI (740) spi_flash: flash io: dio[0m
[0;32mI (743) sleep_gpio: Configure to isolate all GPIO pins in sleep state[0m
[0;32mI (749) sleep_gpio: Enable automatic switching of GPIO sleep configuration[0m
[0;32mI (756) main_task: Started on CPU0[0m
[0;32mI (786) esp_psram: Reserving pool of 32K of internal memory for DMA/internal allocations[0m
[0;32mI (786) main_task: Calling app_main()[0m
[0;32mI (786) s3 ll_cam: DMA Channel=0[0m
[0;32mI (786) cam_hal: cam init ok[0m
[0;32mI (796) sccb-ng: pin_sda 4 pin_scl 5[0m
[0;32mI (796) sccb-ng: sccb_i2c_port=1[0m
[0;32mI (806) ov3660: Mismatch PID=0x9090[0m
[0;32mI (806) ov5640: Mismatch PID=0x9090[0m
[0;32mI (806) camera: Camera PID=0x2145 VER=0x00 MIDL=0x00 MIDH=0x00[0m
[0;32mI (806) camera: Detected GC2145 camera[0m
[0;32mI (816) camera: Detected camera at address=0x3c[0m
[0;32mI (1226) cam_hal: PSRAM DMA mode disabled[0m
[0;32mI (1226) s3 ll_cam: node_size: 3840, nodes_per_line: 1, lines_per_node: 6[0m
[0;32mI (1226) s3 ll_cam: dma_half_buffer_min:  3840, dma_half_buffer: 15360, lines_per_half_buffer: 24, dma_buffer_size: 30720[0m
[0;32mI (1236) cam_hal: buffer_size: 30720, half_buffer_size: 15360, node_buffer_size: 3840, node_cnt: 8, total_cnt: 10[0m
[0;32mI (1246) cam_hal: Allocating 76800 Byte frame buffer in PSRAM[0m
[0;32mI (1246) cam_hal: Allocating 76800 Byte frame buffer in PSRAM[0m
[0;32mI (1256) cam_hal: cam config ok[0m
[0;32mI (1256) gc2145: subsample win:640x480, ratio:0.500000[0m
[0;33mW (1266) gc2145: unsupport format[0m
[0;33mW (1266) gc2145: Unsupported[0m
[0;33mW (1266) gc2145: Unsupported[0m
[0;33mW (1266) gc2145: Unsupported[0m
[0;33mW (1266) gc2145: Unsupported[0m
[0;33mW (1276) gc2145: Unsupported[0m
[0;32mI (1276) s3 ll_cam: DMA Channel=1[0m
[0;32mI (1276) cam_hal: cam init ok[0m
[1;31mE (1286) camera: Camera probe failed with error 0x103(ESP_ERR_INVALID_STATE)[0m
[1;31mE (1286) gdma: gdma_disconnect(319): no peripheral is connected to the channel[0m
[1;31mE (1296) cam: esp_camera_init failed: ESP_ERR_INVALID_STATE[0m
ESP_ERROR_CHECK failed: esp_err_t 0x103 (ESP_ERR_INVALID_STATE) at 0x4200ad68
file: "./main/line_detection.c" line 248
func: app_main
expression: camera_init()

abort() was called at PC 0x4037b917 on core 0


Backtrace: 0x40375cf5:0x3fc9d4e0 0x4037b921:0x3fc9d500 0x403823a5:0x3fc9d520 0x4037b917:0x3fc9d590 0x4200ad68:0x3fc9d5c0 0x42028747:0x3fc9d5f0 0x4037c359:0x3fc9d620




ELF file SHA256: da09f089b

Rebooting...
ESP-ROM:esp32s3-20210327
Build:Mar 27 2021
rst:0xc (RTC_SW_CPU_RST),boot:0x28 (SPI_FAST_FLASH_BOOT)
Saved PC:0x40375c35
SPIWP:0xee
mode:DIO, clock div:1
load:0x3fce2810,len:0x15a0
load:0x403c8700,len:0x4
load:0x403c8704,len:0xd20
load:0x403cb700,len:0x2f00
entry 0x403c8928
[0;32mI (31) boot: ESP-IDF v5.4.1-dirty 2nd stage bootloader[0m
[0;32mI (31) boot: compile time Sep 10 2025 19:45:02[0m
[0;32mI (31) boot: Multicore bootloader[0m
[0;32mI (32) boot: chip revision: v0.2[0m
[0;32mI (35) boot: efuse block revision: v1.3[0m
[0;32mI (38) boot.esp32s3: Boot SPI Speed : 80MHz[0m
[0;32mI (42) boot.esp32s3: SPI Mode       : DIO[0m
[0;32mI (46) boot.esp32s3: SPI Flash Size : 8MB[0m
[0;32mI (50) boot: Enabling RNG early entropy source...[0m
[0;32mI (54) boot: Partition Table:[0m
[0;32mI (57) boot: ## Label            Usage          Type ST Offset   Length[0m
[0;32mI (63) boot:  0 nvs              WiFi data        01 02 00009000 00006000[0m
[0;32mI (70) boot:  1 phy_init         RF data          01 01 0000f000 00001000[0m
[0;32mI (76) boot:  2 factory          factory app      00 00 00010000 00100000[0m
[0;32mI (83) boot: End of partition table[0m
[0;32mI (86) esp_image: segment 0: paddr=00010020 vaddr=3c030020 size=0eda0h ( 60832) map[0m
[0;32mI (104) esp_image: segment 1: paddr=0001edc8 vaddr=3fc94600 size=01250h (  4688) load[0m
[0;32mI (106) esp_image: segment 2: paddr=00020020 vaddr=42000020 size=29498h (169112) map[0m
[0;32mI (138) esp_image: segment 3: paddr=000494c0 vaddr=3fc95850 size=04338h ( 17208) load[0m
[0;32mI (142) esp_image: segment 4: paddr=0004d800 vaddr=40374000 size=104f8h ( 66808) load[0m
[0;32mI (157) esp_image: segment 5: paddr=0005dd00 vaddr=600fe100 size=0001ch (    28) load[0m
[0;32mI (164) boot: Loaded app from partition at offset 0x10000[0m
[0;32mI (164) boot: Disabling RNG early entropy source...[0m
[0;32mI (175) octal_psram: vendor id    : 0x0d (AP)[0m
[0;32mI (175) octal_psram: dev id       : 0x02 (generation 3)[0m
[0;32mI (175) octal_psram: density      : 0x03 (64 Mbit)[0m
[0;32mI (177) octal_psram: good-die     : 0x01 (Pass)[0m
[0;32mI (181) octal_psram: Latency      : 0x01 (Fixed)[0m
[0;32mI (185) octal_psram: VCC          : 0x01 (3V)[0m
[0;32mI (189) octal_psram: SRF          : 0x01 (Fast Refresh)[0m
[0;32mI (194) octal_psram: BurstType    : 0x01 (Hybrid Wrap)[0m
[0;32mI (199) octal_psram: BurstLen     : 0x01 (32 Byte)[0m
[0;32mI (204) octal_psram: Readlatency  : 0x02 (10 cycles@Fixed)[0m
[0;32mI (209) octal_psram: DriveStrength: 0x00 (1/1)[0m
[0;32mI (214) MSPI Timing: PSRAM timing tuning index: 4[0m
[0;32mI (218) esp_psram: Found 8MB PSRAM device[0m
[0;32mI (221) esp_psram: Speed: 80MHz[0m
[0;32mI (224) cpu_start: Multicore app[0m
[0;32mI (653) esp_psram: SPI SRAM memory test OK[0m
[0;32mI (662) cpu_start: Pro cpu start user code[0m
[0;32mI (662) cpu_start: cpu freq: 160000000 Hz[0m
[0;32mI (662) app_init: Application information:[0m
[0;32mI (662) app_init: Project name:     line_detection[0m
[0;32mI (667) app_init: App version:      f22e50b[0m
[0;32mI (671) app_init: Compile time:     Sep 10 2025 19:44:54[0m
[0;32mI (676) app_init: ELF file SHA256:  da09f089b...[0m
[0;32mI (680) app_init: ESP-IDF:          v5.4.1-dirty[0m
[0;32mI (684) efuse_init: Min chip rev:     v0.0[0m
[0;32mI (688) efuse_init: Max chip rev:     v0.99 [0m
[0;32mI (692) efuse_init: Chip rev:         v0.2[0m
[0;32mI (696) heap_init: Initializing. RAM available for dynamic allocation:[0m
[0;32mI (702) heap_init: At 3FC9AD80 len 0004E990 (314 KiB): RAM[0m
[0;32mI (708) heap_init: At 3FCE9710 len 00005724 (21 KiB): RAM[0m
[0;32mI (713) heap_init: At 3FCF0000 len 00008000 (32 KiB): DRAM[0m
[0;32mI (718) heap_init: At 600FE11C len 00001ECC (7 KiB): RTCRAM[0m
[0;32mI (723) esp_psram: Adding pool of 8192K of PSRAM memory to heap allocator[0m
[0;32mI (731) spi_flash: detected chip: gd[0m
[0;32mI (733) spi_flash: flash io: dio[0m
[0;32mI (736) sleep_gpio: Configure to isolate all GPIO pins in sleep state[0m
[0;32mI (742) sleep_gpio: Enable automatic switching of GPIO sleep configuration[0m
[0;32mI (749) main_task: Started on CPU0[0m
[0;32mI (779) esp_psram: Reserving pool of 32K of internal memory for DMA/internal allocations[0m
[0;32mI (779) main_task: Calling app_main()[0m
[0;32mI (779) s3 ll_cam: DMA Channel=0[0m
[0;32mI (779) cam_hal: cam init ok[0m
[0;32mI (789) sccb-ng: pin_sda 4 pin_scl 5[0m
[0;32mI (789) sccb-ng: sccb_i2c_port=1[0m
[0;32mI (799) ov3660: Mismatch PID=0x9090[0m
[0;32mI (799) ov5640: Mismatch PID=0x9090[0m
[0;32mI (799) camera: Camera PID=0x2145 VER=0x00 MIDL=0x00 MIDH=0x00[0m
[0;32mI (799) camera: Detected GC2145 camera[0m
[0;32mI (809) camera: Detected camera at address=0x3c[0m
[0;32mI (1219) cam_hal: PSRAM DMA mode disabled[0m
[0;32mI (1219) s3 ll_cam: node_size: 3840, nodes_per_line: 1, lines_per_node: 6[0m
[0;32mI (1219) s3 ll_cam: dma_half_buffer_min:  3840, dma_half_buffer: 15360, lines_per_half_buffer: 24, dma_buffer_size: 30720[0m
[0;32mI (1229) cam_hal: buffer_size: 30720, half_buffer_size: 15360, node_buffer_size: 3840, node_cnt: 8, total_cnt: 10[0m
[0;32mI (1239) cam_hal: Allocating 76800 Byte frame buffer in PSRAM[0m
[0;32mI (1239) cam_hal: Allocating 76800 Byte frame buffer in PSRAM[0m
[0;32mI (1249) cam_hal: cam config ok[0m
[0;32mI (1249) gc2145: subsample win:640x480, ratio:0.500000[0m
[0;33mW (1259) gc2145: unsupport format[0m
[0;33mW (1259) gc2145: Unsupported[0m
[0;33mW (1259) gc2145: Unsupported[0m
[0;33mW (1259) gc2145: Unsupported[0m
[0;33mW (1259) gc2145: Unsupported[0m
[0;33mW (1269) gc2145: Unsupported[0m
[0;32mI (1269) s3 ll_cam: DMA Channel=1[0m
[0;32mI (1269) cam_hal: cam init ok[0m
[1;31mE (1279) camera: Camera probe failed with error 0x103(ESP_ERR_INVALID_STATE)[0m
[1;31mE (1279) gdma: gdma_disconnect(319): no peripheral is connected to the channel[0m
[1;31mE (1289) cam: esp_camera_init failed: ESP_ERR_INVALID_STATE[0m
ESP_ERROR_CHECK failed: esp_err_t 0x103 (ESP_ERR_INVALID_STATE) at 0x4200ad68
file: "./main/line_detection.c" line 248
func: app_main
expression: camera_init()

abort() was called at PC 0x4037b917 on core 0


Backtrace: 0x40375cf5:0x3fc9d4e0 0x4037b921:0x3fc9d500 0x403823a5:0x3fc9d520 0x4037b917:0x3fc9d590 0x4200ad68:0x3fc9d5c0 0x42028747:0x3fc9d5f0 0x4037c359:0x3fc9d620




ELF file SHA256: da09f089b

Rebooting...
ESP-ROM:esp32s3-20210327
Build:Mar 27 2021
rst:0xc (RTC_SW_CPU_RST),boot:0x28 (SPI_FAST_FLASH_BOOT)
Saved PC:0x40375c35
SPIWP:0xee
mode:DIO, clock div:1
load:0x3fce2810,len:0x15a0
load:0x403c8700,len:0x4
load:0x403c8704,len:0xd20
load:0x403cb700,len:0x2f00
entry 0x403c8928
[0;32mI (31) boot: ESP-IDF v5.4.1-dirty 2nd stage bootloader[0m
[0;32mI (31) boot: compile time Sep 10 2025 19:45:02[0m
[0;32mI (31) boot: Multicore bootloader[0m
[0;32mI (32) boot: chip revision: v0.2[0m
[0;32mI (35) boot: efuse block revision: v1.3[0m
[0;32mI (38) boot.esp32s3: Boot SPI Speed : 80MHz[0m
[0;32mI (42) boot.esp32s3: SPI Mode       : DIO[0m
[0;32mI (46) boot.esp32s3: SPI Flash Size : 8MB[0m
[0;32mI (50) boot: Enabling RNG early entropy source...[0m
[0;32mI (54) boot: Partition Table:[0m
[0;32mI (57) boot: ## Label            Usage          Type ST Offset   Length[0m
[0;32mI (63) boot:  0 nvs              WiFi data        01 02 00009000 00006000[0m
[0;32mI (70) boot:  1 phy_init         RF data          01 01 0000f000 00001000[0m
[0;32mI (76) boot:  2 factory          factory app      00 00 00010000 00100000[0m
[0;32mI (83) boot: End of partition table[0m
[0;32mI (86) esp_image: segment 0: paddr=00010020 vaddr=3c030020 size=0eda0h ( 60832) map[0m
[0;32mI (104) esp_image: segment 1: paddr=0001edc8 vaddr=3fc94600 size=01250h (  4688) load[0m
[0;32mI (106) esp_image: segment 2: paddr=00020020 vaddr=42000020 size=29498h (169112) map[0m
[0;32mI (138) esp_image: segment 3: paddr=000494c0 vaddr=3fc95850 size=04338h ( 17208) load[0m
[0;32mI (142) esp_image: segment 4: paddr=0004d800 vaddr=40374000 size=104f8h ( 66808) load[0m
[0;32mI (157) esp_image: segment 5: paddr=0005dd00 vaddr=600fe100 size=0001ch (    28) load[0m
[0;32mI (164) boot: Loaded app from partition at offset 0x10000[0m
[0;32mI (164) boot: Disabling RNG early entropy source...[0m
[0;32mI (175) octal_psram: vendor id    : 0x0d (AP)[0m
[0;32mI (175) octal_psram: dev id       : 0x02 (generation 3)[0m
[0;32mI (175) octal_psram: density      : 0x03 (64 Mbit)[0m
[0;32mI (177) octal_psram: good-die     : 0x01 (Pass)[0m
[0;32mI (181) octal_psram: Latency      : 0x01 (Fixed)[0m
[0;32mI (185) octal_psram: VCC          : 0x01 (3V)[0m
[0;32mI (189) octal_psram: SRF          : 0x01 (Fast Refresh)[0m
[0;32mI (194) octal_psram: BurstType    : 0x01 (Hybrid Wrap)[0m
[0;32mI (199) octal_psram: BurstLen     : 0x01 (32 Byte)[0m
[0;32mI (204) octal_psram: Readlatency  : 0x02 (10 cycles@Fixed)[0m
[0;32mI (209) octal_psram: DriveStrength: 0x00 (1/1)[0m
[0;32mI (214) MSPI Timing: PSRAM timing tuning index: 4[0m
[0;32mI (218) esp_psram: Found 8MB PSRAM device[0m
[0;32mI (221) esp_psram: Speed: 80MHz[0m
[0;32mI (224) cpu_start: Multicore app[0m
[0;32mI (653) esp_psram: SPI SRAM memory test OK[0m
[0;32mI (662) cpu_start: Pro cpu start user code[0m
[0;32mI (662) cpu_start: cpu freq: 160000000 Hz[0m
[0;32mI (662) app_init: Application information:[0m
[0;32mI (662) app_init: Project name:     line_detection[0m
[0;32mI (667) app_init: App version:      f22e50b[0m
[0;32mI (671) app_init: Compile time:     Sep 10 2025 19:44:54[0m
[0;32mI (676) app_init: ELF file SHA256:  da09f089b...[0m
[0;32mI (680) app_init: ESP-IDF:          v5.4.1-dirty[0m
[0;32mI (684) efuse_init: Min chip rev:     v0.0[0m
[0;32mI (688) efuse_init: Max chip rev:     v0.99 [0m
[0;32mI (692) efuse_init: Chip rev:         v0.2[0m
[0;32mI (696) heap_init: Initializing. RAM available for dynamic allocation:[0m
[0;32mI (702) heap_init: At 3FC9AD80 len 0004E990 (314 KiB): RAM[0m
[0;32mI (708) heap_init: At 3FCE9710 len 00005724 (21 KiB): RAM[0m
[0;32mI (713) heap_init: At 3FCF0000 len 00008000 (32 KiB): DRAM[0m
[0;32mI (718) heap_init: At 600FE11C len 00001ECC (7 KiB): RTCRAM[0m
[0;32mI (723) esp_psram: Adding pool of 8192K of PSRAM memory to heap allocator[0m
[0;32mI (731) spi_flash: detected chip: gd[0m
[0;32mI (733) spi_flash: flash io: dio[0m
[0;32mI (736) sleep_gpio: Configure to isolate all GPIO pins in sleep state[0m
[0;32mI (742) sleep_gpio: Enable automatic switching of GPIO sleep configuration[0m
[0;32mI (749) main_task: Started on CPU0[0m
[0;32mI (779) esp_psram: Reserving pool of 32K of internal memory for DMA/internal allocations[0m
[0;32mI (779) main_task: Calling app_main()[0m
[0;32mI (779) s3 ll_cam: DMA Channel=0[0m
[0;32mI (779) cam_hal: cam init ok[0m
[0;32mI (789) sccb-ng: pin_sda 4 pin_scl 5[0m
[0;32mI (789) sccb-ng: sccb_i2c_port=1[0m
[0;32mI (799) ov3660: Mismatch PID=0x9090[0m
[0;32mI (799) ov5640: Mismatch PID=0x9090[0m
[0;32mI (799) camera: Camera PID=0x2145 VER=0x00 MIDL=0x00 MIDH=0x00[0m
[0;32mI (799) camera: Detected GC2145 camera[0m
[0;32mI (809) camera: Detected camera at address=0x3c[0m
[0;32mI (1219) cam_hal: PSRAM DMA mode disabled[0m
[0;32mI (1219) s3 ll_cam: node_size: 3840, nodes_per_line: 1, lines_per_node: 6[0m
[0;32mI (1219) s3 ll_cam: dma_half_buffer_min:  3840, dma_half_buffer: 15360, lines_per_half_buffer: 24, dma_buffer_size: 30720[0m
[0;32mI (1229) cam_hal: buffer_size: 30720, half_buffer_size: 15360, node_buffer_size: 3840, node_cnt: 8, total_cnt: 10[0m
[0;32mI (1239) cam_hal: Allocating 76800 Byte frame buffer in PSRAM[0m
[0;32mI (1239) cam_hal: Allocating 76800 Byte frame buffer in PSRAM[0m
[0;32mI (1249) cam_hal: cam config ok[0m
[0;32mI (1249) gc2145: subsample win:640x480, ratio:0.500000[0m
[0;33mW (1259) gc2145: unsupport format[0m
[0;33mW (1259) gc2145: Unsupported[0m
[0;33mW (1259) gc2145: Unsupported[0m
[0;33mW (1259) gc2145: Unsupported[0m
[0;33mW (1259) gc2145: Unsupported[0m
[0;33mW (1269) gc2145: Unsupported[0m
[0;32mI (1269) s3 ll_cam: DMA Channel=1[0m
[0;32mI (1269) cam_hal: cam init ok[0m
[1;31mE (1279) camera: Camera probe failed with error 0x103(ESP_ERR_INVALID_STATE)[0m
[1;31mE (1279) gdma: gdma_disconnect(319): no peripheral is connected to the channel[0m
[1;31mE (1289) cam: esp_camera_init failed: ESP_ERR_INVALID_STATE[0m
ESP_ERROR_CHECK failed: esp_err_t 0x103 (ESP_ERR_INVALID_STATE) at 0x4200ad68
file: "./main/line_detection.c" line 248
func: app_main
expression: camera_init()

abort() was called at PC 0x4037b917 on core 0


Backtrace: 0x40375cf5:0x3fc9d4e0 0x4037b921:0x3fc9d500 0x403823a5:0x3fc9d520 0x4037b917:0x3fc9d590 0x4200ad68:0x3fc9d5c0 0x42028747:0x3fc9d5f0 0x4037c359:0x3fc9d620




ELF file SHA256: da09f089b

Rebooting...
ESP-ROM:esp32s3-20210327
Build:Mar 27 2021
rst:0xc (RTC_SW_CPU_RST),boot:0x28 (SPI_FAST_FLASH_BOOT)
Saved PC:0x40375c35
SPIWP:0xee
mode:DIO, clock div:1
load:0x3fce2810,len:0x15a0
load:0x403c8700,len:0x4
load:0x403c8704,len:0xd20
load:0x403cb700,len:0x2f00
entry 0x403c8928
[0;32mI (31) boot: ESP-IDF v5.4.1-dirty 2nd stage bootloader[0m
[0;32mI (31) boot: compile time Sep 10 2025 19:45:02[0m
[0;32mI (31) boot: Multicore bootloader[0m
[0;32mI (32) boot: chip revision: v0.2[0m
[0;32mI (35) boot: efuse block revision: v1.3[0m
[0;32mI (38) boot.esp32s3: Boot SPI Speed : 80MHz[0m
[0;32mI (42) boot.esp32s3: SPI Mode       : DIO[0m
[0;32mI (46) boot.esp32s3: SPI Flash Size : 8MB[0m
[0;32mI (50) boot: Enabling RNG early entropy source...[0m
[0;32mI (54) boot: Partition Table:[0m
[0;32mI (57) boot: ## Label            Usage          Type ST Offset   Length[0m
[0;32mI (63) boot:  0 nvs              WiFi data        01 02 00009000 00006000[0m
[0;32mI (70) boot:  1 phy_init         RF data          01 01 0000f000 00001000[0m
[0;32mI (76) boot:  2 factory          factory app      00 00 00010000 00100000[0m
[0;32mI (83) boot: End of partition table[0m
[0;32mI (86) esp_image: segment 0: paddr=00010020 vaddr=3c030020 size=0eda0h ( 60832) map[0m
[0;32mI (104) esp_image: segment 1: paddr=0001edc8 vaddr=3fc94600 size=01250h (  4688) load[0m
[0;32mI (106) esp_image: segment 2: paddr=00020020 vaddr=42000020 size=29498h (169112) map[0m
[0;32mI (138) esp_image: segment 3: paddr=000494c0 vaddr=3fc95850 size=04338h ( 17208) load[0m
[0;32mI (142) esp_image: segment 4: paddr=0004d800 vaddr=40374000 size=104f8h ( 66808) load[0m
[0;32mI (157) esp_image: segment 5: paddr=0005dd00 vaddr=600fe100 size=0001ch (    28) load[0m
[0;32mI (164) boot: Loaded app from partition at offset 0x10000[0m
[0;32mI (164) boot: Disabling RNG early entropy source...[0m
[0;32mI (175) octal_psram: vendor id    : 0x0d (AP)[0m
[0;32mI (175) octal_psram: dev id       : 0x02 (generation 3)[0m
[0;32mI (175) octal_psram: density      : 0x03 (64 Mbit)[0m
[0;32mI (177) octal_psram: good-die     : 0x01 (Pass)[0m
[0;32mI (181) octal_psram: Latency      : 0x01 (Fixed)[0m
[0;32mI (185) octal_psram: VCC          : 0x01 (3V)[0m
[0;32mI (189) octal_psram: SRF          : 0x01 (Fast Refresh)[0m
[0;32mI (194) octal_psram: BurstType    : 0x01 (Hybrid Wrap)[0m
[0;32mI (199) octal_psram: BurstLen     : 0x01 (32 Byte)[0m
[0;32mI (204) octal_psram: Readlatency  : 0x02 (10 cycles@Fixed)[0m
[0;32mI (209) octal_psram: DriveStrength: 0x00 (1/1)[0m
[0;32mI (214) MSPI Timing: PSRAM timing tuning index: 4[0m
[0;32mI (218) esp_psram: Found 8MB PSRAM device[0m
[0;32mI (221) esp_psram: Speed: 80MHz[0m
[0;32mI (224) cpu_start: Multicore app[0m
[0;32mI (653) esp_psram: SPI SRAM memory test OK[0m
[0;32mI (662) cpu_start: Pro cpu start user code[0m
[0;32mI (662) cpu_start: cpu freq: 160000000 Hz[0m
[0;32mI (662) app_init: Application information:[0m
[0;32mI (662) app_init: Project name:     line_detection[0m
[0;32mI (667) app_init: App version:      f22e50b[0m
[0;32mI (671) app_init: Compile time:     Sep 10 2025 19:44:54[0m
[0;32mI (676) app_init: ELF file SHA256:  da09f089b...[0m
[0;32mI (680) app_init: ESP-IDF:          v5.4.1-dirty[0m
[0;32mI (684) efuse_init: Min chip rev:     v0.0[0m
[0;32mI (688) efuse_init: Max chip rev:     v0.99 [0m
[0;32mI (692) efuse_init: Chip rev:         v0.2[0m
[0;32mI (696) heap_init: Initializing. RAM available for dynamic allocation:[0m
[0;32mI (702) heap_init: At 3FC9AD80 len 0004E990 (314 KiB): RAM[0m
[0;32mI (708) heap_init: At 3FCE9710 len 00005724 (21 KiB): RAM[0m
[0;32mI (713) heap_init: At 3FCF0000 len 00008000 (32 KiB): DRAM[0m
[0;32mI (718) heap_init: At 600FE11C len 00001ECC (7 KiB): RTCRAM[0m
[0;32mI (723) esp_psram: Adding pool of 8192K of PSRAM memory to heap allocator[0m
[0;32mI (731) spi_flash: detected chip: gd[0m
[0;32mI (733) spi_flash: flash io: dio[0m
[0;32mI (736) sleep_gpio: Configure to isolate all GPIO pins in sleep state[0m
[0;32mI (742) sleep_gpio: Enable automatic switching of GPIO sleep configuration[0m
[0;32mI (749) main_task: Started on CPU0[0m
[0;32mI (779) esp_psram: Reserving pool of 32K of internal memory for DMA/internal allocations[0m
[0;32mI (779) main_task: Calling app_main()[0m
[0;32mI (779) s3 ll_cam: DMA Channel=0[0m
[0;32mI (779) cam_hal: cam init ok[0m
[0;32mI (789) sccb-ng: pin_sda 4 pin_scl 5[0m
[0;32mI (789) sccb-ng: sccb_i2c_port=1[0m
[0;32mI (799) ov3660: Mismatch PID=0x9090[0m
[0;32mI (799) ov5640: Mismatch PID=0x9090[0m
[0;32mI (799) camera: Camera PID=0x2145 VER=0x00 MIDL=0x00 MIDH=0x00[0m
[0;32mI (799) camera: Detected GC2145 camera[0m
[0;32mI (809) camera: Detected camera at address=0x3c[0m
[0;32mI (1219) cam_hal: PSRAM DMA mode disabled[0m
[0;32mI (1219) s3 ll_cam: node_size: 3840, nodes_per_line: 1, lines_per_node: 6[0m
[0;32mI (1219) s3 ll_cam: dma_half_buffer_min:  3840, dma_half_buffer: 15360, lines_per_half_buffer: 24, dma_buffer_size: 30720[0m
[0;32mI (1229) cam_hal: buffer_size: 30720, half_buffer_size: 15360, node_buffer_size: 3840, node_cnt: 8, total_cnt: 10[0m
[0;32mI (1239) cam_hal: Allocating 76800 Byte frame buffer in PSRAM[0m
[0;32mI (1239) cam_hal: Allocating 76800 Byte frame buffer in PSRAM[0m
[0;32mI (1249) cam_hal: cam config ok[0m
[0;32mI (1249) gc2145: subsample win:640x480, ratio:0.500000[0m
[0;33mW (1259) gc2145: unsupport format[0m
[0;33mW (1259) gc2145: Unsupported[0m
[0;33mW (1259) gc2145: Unsupported[0m
[0;33mW (1259) gc2145: Unsupported[0m
[0;33mW (1259) gc2145: Unsupported[0m
[0;33mW (1269) gc2145: Unsupported[0m
[0;32mI (1269) s3 ll_cam: DMA Channel=1[0m
[0;32mI (1269) cam_hal: cam init ok[0m
[1;31mE (1279) camera: Camera probe failed with error 0x103(ESP_ERR_INVALID_STATE)[0m
[1;31mE (1279) gdma: gdma_disconnect(319): no peripheral is connected to the channel[0m
[1;31mE (1289) cam: esp_camera_init failed: ESP_ERR_INVALID_STATE[0m
ESP_ERROR_CHECK failed: esp_err_t 0x103 (ESP_ERR_INVALID_STATE) at 0x4200ad68
file: "./main/line_detection.c" line 248
func: app_main
expression: camera_init()

abort() was called at PC 0x4037b917 on core 0


Backtrace: 0x40375cf5:0x3fc9d4e0 0x4037b921:0x3fc9d500 0x403823a5:0x3fc9d520 0x4037b917:0x3fc9d590 0x4200ad68:0x3fc9d5c0 0x42028747:0x3fc9d5f0 0x4037c359:0x3fc9d620




ELF file SHA256: da09f089b

Rebooting...
ESP-ROM:esp32s3-20210327
Build:Mar 27 2021
rst:0xc (RTC_SW_CPU_RST),boot:0x28 (SPI_FAST_FLASH_BOOT)
Saved PC:0x40375c35
SPIWP:0xee
mode:DIO, clock div:1
load:0x3fce2810,len:0x15a0
load:0x403c8700,len:0x4
load:0x403c8704,len:0xd20
load:0x403cb700,len:0x2f00
entry 0x403c8928
[0;32mI (31) boot: ESP-IDF v5.4.1-dirty 2nd stage bootloader[0m
[0;32mI (31) boot: compile time Sep 10 2025 19:45:02[0m
[0;32mI (31) boot: Multicore bootloader[0m
[0;32mI (32) boot: chip revision: v0.2[0m
[0;32mI (35) boot: efuse block revision: v1.3[0m
[0;32mI (38) boot.esp32s3: Boot SPI Speed : 80MHz[0m
[0;32mI (42) boot.esp32s3: SPI Mode       : DIO[0m
[0;32mI (46) boot.esp32s3: SPI Flash Size : 8MB[0m
[0;32mI (50) boot: Enabling RNG early entropy source...[0m
[0;32mI (54) boot: Partition Table:[0m
[0;32mI (57) boot: ## Label            Usage          Type ST Offset   Length[0m
[0;32mI (63) boot:  0 nvs              WiFi data        01 02 00009000 00006000[0m
[0;32mI (70) boot:  1 phy_init         RF data          01 01 0000f000 00001000[0m
[0;32mI (76) boot:  2 factory          factory app      00 00 00010000 00100000[0m
[0;32mI (83) boot: End of partition table[0m
[0;32mI (86) esp_image: segment 0: paddr=00010020 vaddr=3c030020 size=0eda0h ( 60832) map[0m
[0;32mI (104) esp_image: segment 1: paddr=0001edc8 vaddr=3fc94600 size=01250h (  4688) load[0m
[0;32mI (106) esp_image: segment 2: paddr=00020020 vaddr=42000020 size=29498h (169112) map[0m
[0;32mI (138) esp_image: segment 3: paddr=000494c0 vaddr=3fc95850 size=04338h ( 17208) load[0m
[0;32mI (142) esp_image: segment 4: paddr=0004d800 vaddr=40374000 size=104f8h ( 66808) load[0m
[0;32mI (157) esp_image: segment 5: paddr=0005dd00 vaddr=600fe100 size=0001ch (    28) load[0m
[0;32mI (164) boot: Loaded app from partition at offset 0x10000[0m
[0;32mI (164) boot: Disabling RNG early entropy source...[0m
[0;32mI (175) octal_psram: vendor id    : 0x0d (AP)[0m
[0;32mI (175) octal_psram: dev id       : 0x02 (generation 3)[0m
[0;32mI (175) octal_psram: density      : 0x03 (64 Mbit)[0m
[0;32mI (177) octal_psram: good-die     : 0x01 (Pass)[0m
[0;32mI (181) octal_psram: Latency      : 0x01 (Fixed)[0m
[0;32mI (185) octal_psram: VCC          : 0x01 (3V)[0m
[0;32mI (189) octal_psram: SRF          : 0x01 (Fast Refresh)[0m
[0;32mI (194) octal_psram: BurstType    : 0x01 (Hybrid Wrap)[0m
[0;32mI (199) octal_psram: BurstLen     : 0x01 (32 Byte)[0m
[0;32mI (204) octal_psram: Readlatency  : 0x02 (10 cycles@Fixed)[0m
[0;32mI (209) octal_psram: DriveStrength: 0x00 (1/1)[0m
[0;32mI (214) MSPI Timing: PSRAM timing tuning index: 4[0m
[0;32mI (218) esp_psram: Found 8MB PSRAM device[0m
[0;32mI (221) esp_psram: Speed: 80MHz[0m
[0;32mI (224) cpu_start: Multicore app[0m
[0;32mI (653) esp_psram: SPI SRAM memory test OK[0m
[0;32mI (662) cpu_start: Pro cpu start user code[0m
[0;32mI (662) cpu_start: cpu freq: 160000000 Hz[0m
[0;32mI (662) app_init: Application information:[0m
[0;32mI (662) app_init: Project name:     line_detection[0m
[0;32mI (667) app_init: App version:      f22e50b[0m
[0;32mI (671) app_init: Compile time:     Sep 10 2025 19:44:54[0m
[0;32mI (676) app_init: ELF file SHA256:  da09f089b...[0m
[0;32mI (680) app_init: ESP-IDF:          v5.4.1-dirty[0m
[0;32mI (684) efuse_init: Min chip rev:     v0.0[0m
[0;32mI (688) efuse_init: Max chip rev:     v0.99 [0m
[0;32mI (692) efuse_init: Chip rev:         v0.2[0m
[0;32mI (696) heap_init: Initializing. RAM available for dynamic allocation:[0m
[0;32mI (702) heap_init: At 3FC9AD80 len 0004E990 (314 KiB): RAM[0m
[0;32mI (708) heap_init: At 3FCE9710 len 00005724 (21 KiB): RAM[0m
[0;32mI (713) heap_init: At 3FCF0000 len 00008000 (32 KiB): DRAM[0m
[0;32mI (718) heap_init: At 600FE11C len 00001ECC (7 KiB): RTCRAM[0m
[0;32mI (723) esp_psram: Adding pool of 8192K of PSRAM memory to heap allocator[0m
[0;32mI (731) spi_flash: detected chip: gd[0m
[0;32mI (733) spi_flash: flash io: dio[0m
[0;32mI (736) sleep_gpio: Configure to isolate all GPIO pins in sleep state[0m
[0;32mI (742) sleep_gpio: Enable automatic switching of GPIO sleep configuration[0m
[0;32mI (749) main_task: Started on CPU0[0m
[0;32mI (779) esp_psram: Reserving pool of 32K of internal memory for DMA/internal allocations[0m
[0;32mI (779) main_task: Calling app_main()[0m
[0;32mI (779) s3 ll_cam: DMA Channel=0[0m
[0;32mI (779) cam_hal: cam init ok[0m
[0;32mI (789) sccb-ng: pin_sda 4 pin_scl 5[0m
[0;32mI (789) sccb-ng: sccb_i2c_port=1[0m
[0;32mI (799) ov3660: Mismatch PID=0x9090[0m
[0;32mI (799) ov5640: Mismatch PID=0x9090[0m
[0;32mI (799) camera: Camera PID=0x2145 VER=0x00 MIDL=0x00 MIDH=0x00[0m
[0;32mI (799) camera: Detected GC2145 camera[0m
[0;32mI (809) camera: Detected camera at address=0x3c[0m
[0;32mI (1219) cam_hal: PSRAM DMA mode disabled[0m
[0;32mI (1219) s3 ll_cam: node_size: 3840, nodes_per_line: 1, lines_per_node: 6[0m
[0;32mI (1219) s3 ll_cam: dma_half_buffer_min:  3840, dma_half_buffer: 15360, lines_per_half_buffer: 24, dma_buffer_size: 30720[0m
[0;32mI (1229) cam_hal: buffer_size: 30720, half_buffer_size: 15360, node_buffer_size: 3840, node_cnt: 8, total_cnt: 10[0m
[0;32mI (1239) cam_hal: Allocating 76800 Byte frame buffer in PSRAM[0m
[0;32mI (1239) cam_hal: Allocating 76800 Byte frame buffer in PSRAM[0m
[0;32mI (1249) cam_hal: cam config ok[0m
[0;32mI (1249) gc2145: subsample win:640x480, ratio:0.500000[0m
[0;33mW (1259) gc2145: unsupport format[0m
[0;33mW (1259) gc2145: Unsupported[0m
[0;33mW (1259) gc2145: Unsupported[0m
[0;33mW (1259) gc2145: Unsupported[0m
[0;33mW (1259) gc2145: Unsupported[0m
[0;33mW (1269) gc2145: Unsupported[0m
[0;32mI (1269) s3 ll_cam: DMA Channel=1[0m
[0;32mI (1269) cam_hal: cam init ok[0m
[1;31mE (1279) camera: Camera probe failed with error 0x103(ESP_ERR_INVALID_STATE)[0m
[1;31mE (1279) gdma: gdma_disconnect(319): no peripheral is connected to the channel[0m
[1;31mE (1289) cam: esp_camera_init failed: ESP_ERR_INVALID_STATE[0m
ESP_ERROR_CHECK failed: esp_err_t 0x103 (ESP_ERR_INVALID_STATE) at 0x4200ad68
file: "./main/line_detection.c" line 248
func: app_main
expression: camera_init()

abort() was called at PC 0x4037b917 on core 0


Backtrace: 0x40375cf5:0x3fc9d4e0 0x4037b921:0x3fc9d500 0x403823a5:0x3fc9d520 0x4037b917:0x3fc9d590 0x4200ad68:0x3fc9d5c0 0x42028747:0x3fc9d5f0 0x4037c359:0x3fc9d620




ELF file SHA256: da09f089b

Rebooting...
ESP-ROM:esp32s3-20210327
Build:Mar 27 2021
rst:0xc (RTC_SW_CPU_RST),boot:0x28 (SPI_FAST_FLASH_BOOT)
Saved PC:0x40375c35
SPIWP:0xee
mode:DIO, clock div:1
load:0x3fce2810,len:0x15a0
load:0x403c8700,len:0x4
load:0x403c8704,len:0xd20
load:0x403cb700,len:0x2f00
entry 0x403c8928
[0;32mI (31) boot: ESP-IDF v5.4.1-dirty 2nd stage bootloader[0m
[0;32mI (31) boot: compile time Sep 10 2025 19:45:02[0m
[0;32mI (31) boot: Multicore bootloader[0m
[0;32mI (32) boot: chip revision: v0.2[0m
[0;32mI (35) boot: efuse block revision: v1.3[0m
[0;32mI (38) boot.esp32s3: Boot SPI Speed : 80MHz[0m
[0;32mI (42) boot.esp32s3: SPI Mode       : DIO[0m
[0;32mI (46) boot.esp32s3: SPI Flash Size : 8MB[0m
[0;32mI (50) boot: Enabling RNG early entropy source...[0m
[0;32mI (54) boot: Partition Table:[0m
[0;32mI (57) boot: ## Label            Usage          Type ST Offset   Length[0m
[0;32mI (63) boot:  0 nvs              WiFi data        01 02 00009000 00006000[0m
[0;32mI (70) boot:  1 phy_init         RF data          01 01 0000f000 00001000[0m
[0;32mI (76) boot:  2 factory          factory app      00 00 00010000 00100000[0m
[0;32mI (83) boot: End of partition table[0m
[0;32mI (86) esp_image: segment 0: paddr=00010020 vaddr=3c030020 size=0eda0h ( 60832) map[0m
[0;32mI (104) esp_image: segment 1: paddr=0001edc8 vaddr=3fc94600 size=01250h (  4688) load[0m
[0;32mI (106) esp_image: segment 2: paddr=00020020 vaddr=42000020 size=29498h (169112) map[0m
[0;32mI (138) esp_image: segment 3: paddr=000494c0 vaddr=3fc95850 size=04338h ( 17208) load[0m
[0;32mI (142) esp_image: segment 4: paddr=0004d800 vaddr=40374000 size=104f8h ( 66808) load[0m
[0;32mI (157) esp_image: segment 5: paddr=0005dd00 vaddr=600fe100 size=0001ch (    28) load[0m
[0;32mI (164) boot: Loaded app from partition at offset 0x10000[0m
[0;32mI (164) boot: Disabling RNG early entropy source...[0m
[0;32mI (175) octal_psram: vendor id    : 0x0d (AP)[0m
[0;32mI (175) octal_psram: dev id       : 0x02 (generation 3)[0m
[0;32mI (175) octal_psram: density      : 0x03 (64 Mbit)[0m
[0;32mI (177) octal_psram: good-die     : 0x01 (Pass)[0m
[0;32mI (181) octal_psram: Latency      : 0x01 (Fixed)[0m
[0;32mI (185) octal_psram: VCC          : 0x01 (3V)[0m
[0;32mI (189) octal_psram: SRF          : 0x01 (Fast Refresh)[0m
[0;32mI (194) octal_psram: BurstType    : 0x01 (Hybrid Wrap)[0m
[0;32mI (199) octal_psram: BurstLen     : 0x01 (32 Byte)[0m
[0;32mI (204) octal_psram: Readlatency  : 0x02 (10 cycles@Fixed)[0m
[0;32mI (209) octal_psram: DriveStrength: 0x00 (1/1)[0m
[0;32mI (214) MSPI Timing: PSRAM timing tuning index: 4[0m
[0;32mI (218) esp_psram: Found 8MB PSRAM device[0m
[0;32mI (221) esp_psram: Speed: 80MHz[0m
[0;32mI (224) cpu_start: Multicore app[0m
[0;32mI (653) esp_psram: SPI SRAM memory test OK[0m
[0;32mI (662) cpu_start: Pro cpu start user code[0m
[0;32mI (662) cpu_start: cpu freq: 160000000 Hz[0m
[0;32mI (662) app_init: Application information:[0m
[0;32mI (662) app_init: Project name:     line_detection[0m
[0;32mI (667) app_init: App version:      f22e50b[0m
[0;32mI (671) app_init: Compile time:     Sep 10 2025 19:44:54[0m
[0;32mI (676) app_init: ELF file SHA256:  da09f089b...[0m
[0;32mI (680) app_init: ESP-IDF:          v5.4.1-dirty[0m
[0;32mI (684) efuse_init: Min chip rev:     v0.0[0m
[0;32mI (688) efuse_init: Max chip rev:     v0.99 [0m
[0;32mI (692) efuse_init: Chip rev:         v0.2[0m
[0;32mI (696) heap_init: Initializing. RAM available for dynamic allocation:[0m
[0;32mI (702) heap_init: At 3FC9AD80 len 0004E990 (314 KiB): RAM[0m
[0;32mI (708) heap_init: At 3FCE9710 len 00005724 (21 KiB): RAM[0m
[0;32mI (713) heap_init: At 3FCF0000 len 00008000 (32 KiB): DRAM[0m
[0;32mI (718) heap_init: At 600FE11C len 00001ECC (7 KiB): RTCRAM[0m
[0;32mI (723) esp_psram: Adding pool of 8192K of PSRAM memory to heap allocator[0m
[0;32mI (731) spi_flash: detected chip: gd[0m
[0;32mI (733) spi_flash: flash io: dio[0m
[0;32mI (736) sleep_gpio: Configure to isolate all GPIO pins in sleep state[0m
[0;32mI (742) sleep_gpio: Enable automatic switching of GPIO sleep configuration[0m
[0;32mI (749) main_task: Started on CPU0[0m
[0;32mI (779) esp_psram: Reserving pool of 32K of internal memory for DMA/internal allocations[0m
[0;32mI (779) main_task: Calling app_main()[0m
[0;32mI (779) s3 ll_cam: DMA Channel=0[0m
[0;32mI (779) cam_hal: cam init ok[0m
[0;32mI (789) sccb-ng: pin_sda 4 pin_scl 5[0m
[0;32mI (789) sccb-ng: sccb_i2c_port=1[0m
[0;32mI (799) ov3660: Mismatch PID=0x9090[0m
[0;32mI (799) ov5640: Mismatch PID=0x9090[0m
[0;32mI (799) camera: Camera PID=0x2145 VER=0x00 MIDL=0x00 MIDH=0x00[0m
[0;32mI (799) camera: Detected GC2145 camera[0m
[0;32mI (809) camera: Detected camera at address=0x3c[0m
[0;32mI (1219) cam_hal: PSRAM DMA mode disabled[0m
[0;32mI (1219) s3 ll_cam: node_size: 3840, nodes_per_line: 1, lines_per_node: 6[0m
[0;32mI (1219) s3 ll_cam: dma_half_buffer_min:  3840, dma_half_buffer: 15360, lines_per_half_buffer: 24, dma_buffer_size: 30720[0m
[0;32mI (1229) cam_hal: buffer_size: 30720, half_buffer_size: 15360, node_buffer_size: 3840, node_cnt: 8, total_cnt: 10[0m
[0;32mI (1239) cam_hal: Allocating 76800 Byte frame buffer in PSRAM[0m
[0;32mI (1239) cam_hal: Allocating 76800 Byte frame buffer in PSRAM[0m
[0;32mI (1249) cam_hal: cam config ok[0m
[0;32mI (1249) gc2145: subsample win:640x480, ratio:0.500000[0m
[0;33mW (1259) gc2145: unsupport format[0m
[0;33mW (1259) gc2145: Unsupported[0m
[0;33mW (1259) gc2145: Unsupported[0m
[0;33mW (1259) gc2145: Unsupported[0m
[0;33mW (1259) gc2145: Unsupported[0m
[0;33mW (1269) gc2145: Unsupported[0m
[0;32mI (1269) s3 ll_cam: DMA Channel=1[0m
[0;32mI (1269) cam_hal: cam init ok[0m
[1;31mE (1279) camera: Camera probe failed with error 0x103(ESP_ERR_INVALID_STATE)[0m
[1;31mE (1279) gdma: gdma_disconnect(319): no peripheral is connected to the channel[0m
[1;31mE (1289) cam: esp_camera_init failed: ESP_ERR_INVALID_STATE[0m
ESP_ERROR_CHECK failed: esp_err_t 0x103 (ESP_ERR_INVALID_STATE) at 0x4200ad68
file: "./main/line_detection.c" line 248
func: app_main
expression: camera_init()

abort() was called at PC 0x4037b917 on core 0


Backtrace: 0x40375cf5:0x3fc9d4e0 0x4037b921:0x3fc9d500 0x403823a5:0x3fc9d520 0x4037b917:0x3fc9d590 0x4200ad68:0x3fc9d5c0 0x42028747:0x3fc9d5f0 0x4037c359:0x3fc9d620




ELF file SHA256: da09f089b

Rebooting...
ESP-ROM:esp32s3-20210327
Build:Mar 27 2021
rst:0xc (RTC_SW_CPU_RST),boot:0x28 (SPI_FAST_FLASH_BOOT)
Saved PC:0x40375c35
SPIWP:0xee
mode:DIO, clock div:1
load:0x3fce2810,len:0x15a0
load:0x403c8700,len:0x4
load:0x403c8704,len:0xd20
load:0x403cb700,len:0x2f00
entry 0x403c8928
[0;32mI (31) boot: ESP-IDF v5.4.1-dirty 2nd stage bootloader[0m
[0;32mI (31) boot: compile time Sep 10 2025 19:45:02[0m
[0;32mI (31) boot: Multicore bootloader[0m
[0;32mI (32) boot: chip revision: v0.2[0m
[0;32mI (35) boot: efuse block revision: v1.3[0m
[0;32mI (38) boot.esp32s3: Boot SPI Speed : 80MHz[0m
[0;32mI (42) boot.esp32s3: SPI Mode       : DIO[0m
[0;32mI (46) boot.esp32s3: SPI Flash Size : 8MB[0m
[0;32mI (50) boot: Enabling RNG early entropy source...[0m
[0;32mI (54) boot: Partition Table:[0m
[0;32mI (57) boot: ## Label            Usage          Type ST Offset   Length[0m
[0;32mI (63) boot:  0 nvs              WiFi data        01 02 00009000 00006000[0m
[0;32mI (70) boot:  1 phy_init         RF data          01 01 0000f000 00001000[0m
[0;32mI (76) boot:  2 factory          factory app      00 00 00010000 00100000